../Core/Src/main.c:27:9:Button_PollPressed	16	static
../Core/Src/main.c:131:6:CAN_OFF_FILTER	48	static
../Core/Src/main.c:146:6:CAN_ERR_HANDLE	16	static
../Core/Src/main.c:176:6:HAL_CAN_RxFifo0MsgPendingCallback	64	static
../Core/Src/main.c:256:6:CAN_SEND	64	static
../Core/Src/main.c:301:6:HAL_CAN_ErrorCallback	64	static
../Core/Src/main.c:332:6:CAN_INIT	48	static
../Core/Src/main.c:364:5:main	24	static
../Core/Src/main.c:471:6:SystemClock_Config	72	static
../Core/Src/main.c:510:13:MX_CAN_Init	8	static
../Core/Src/main.c:547:13:MX_USART1_UART_Init	8	static
../Core/Src/main.c:580:13:MX_GPIO_Init	40	static
../Core/Src/main.c:621:6:Error_Handler	4	static,ignoring_inline_asm
