../Core/Src/main.c:71:16:crc_xor	24	static
../Core/Src/main.c:100:6:HAL_SPI_TxRxCpltCallback	16	static
../Core/Src/main.c:107:6:HAL_SPI_ErrorCallback	16	static
../Core/Src/main.c:115:6:HAL_I2C_MemRxCpltCallback	16	static
../Core/Src/main.c:122:6:HAL_I2C_ErrorCallback	16	static
../Core/Src/main.c:214:6:CAN_OFF_FILTER	48	static
../Core/Src/main.c:229:6:CAN_ERR_HANDLE	16	static
../Core/Src/main.c:260:6:HAL_CAN_RxFifo0MsgPendingCallback	64	static
../Core/Src/main.c:334:6:CAN_INIT	48	static
../Core/Src/main.c:357:6:HAL_CAN_ErrorCallback	64	static
../Core/Src/main.c:388:6:CAN_SEND	72	static
../Core/Src/main.c:434:13:Build_SPI_Packet	32	static
../Core/Src/main.c:461:5:main	8	static
../Core/Src/main.c:495:6:SystemClock_Config	72	static
../Core/Src/main.c:534:13:MX_CAN_Init	8	static
../Core/Src/main.c:571:13:MX_I2C1_Init	8	static
../Core/Src/main.c:605:13:MX_SPI1_Init	8	static
../Core/Src/main.c:643:13:MX_USART1_UART_Init	8	static
../Core/Src/main.c:674:13:MX_DMA_Init	16	static
../Core/Src/main.c:701:13:MX_GPIO_Init	40	static
../Core/Src/main.c:749:6:canTask	32	static
../Core/Src/main.c:822:6:ledTask	48	static
../Core/Src/main.c:905:6:accelTask	32	static
../Core/Src/main.c:948:6:Error_Handler	4	static,ignoring_inline_asm
