../Core/Src/main.c:50:16:crc_xor	24	static
../Core/Src/main.c:56:13:motor_apply	16	static
../Core/Src/main.c:72:6:HAL_SPI_TxRxCpltCallback	16	static
../Core/Src/main.c:80:6:HAL_SPI_ErrorCallback	24	static
../Core/Src/main.c:96:5:main	16	static
../Core/Src/main.c:175:6:SystemClock_Config	72	static
../Core/Src/main.c:214:13:MX_SPI1_Init	8	static
../Core/Src/main.c:251:13:MX_TIM2_Init	64	static
../Core/Src/main.c:310:13:MX_USART1_UART_Init	8	static
../Core/Src/main.c:341:13:MX_DMA_Init	16	static
../Core/Src/main.c:362:13:MX_GPIO_Init	40	static
../Core/Src/main.c:417:6:Error_Handler	4	static,ignoring_inline_asm
