../Core/Src/main.c:51:16:crc_xor	24	static
../Core/Src/main.c:57:6:send_distance_to_master	16	static
../Core/Src/main.c:81:13:dwt_init	4	static
../Core/Src/main.c:88:13:delay_us	24	static
../Core/Src/main.c:98:13:hcsr04_trigger	8	static
../Core/Src/main.c:106:6:HAL_TIM_IC_CaptureCallback	24	static
../Core/Src/main.c:117:6:HAL_SPI_TxRxCpltCallback	16	static
../Core/Src/main.c:125:6:HAL_SPI_ErrorCallback	16	static
../Core/Src/main.c:133:5:main	16	static
../Core/Src/main.c:200:6:SystemClock_Config	72	static
../Core/Src/main.c:239:13:MX_SPI1_Init	8	static
../Core/Src/main.c:276:13:MX_TIM4_Init	72	static
../Core/Src/main.c:350:13:MX_USART1_UART_Init	8	static
../Core/Src/main.c:381:13:MX_DMA_Init	16	static
../Core/Src/main.c:402:13:MX_GPIO_Init	40	static
../Core/Src/main.c:457:6:Error_Handler	4	static,ignoring_inline_asm
