../Core/Src/main.c:95:16:crc_xor	24	static
../Core/Src/main.c:101:6:send_distance_to_master	16	static
../Core/Src/main.c:124:13:dwt_init	4	static
../Core/Src/main.c:131:13:delay_us	24	static
../Core/Src/main.c:141:13:hcsr04_trigger	8	static
../Core/Src/main.c:149:6:HAL_TIM_IC_CaptureCallback	24	static
../Core/Src/main.c:162:6:HAL_SPI_TxRxCpltCallback	16	static
../Core/Src/main.c:170:6:HAL_SPI_ErrorCallback	16	static
../Core/Src/main.c:183:5:main	16	static
../Core/Src/main.c:271:6:SystemClock_Config	72	static
../Core/Src/main.c:310:13:MX_SPI1_Init	8	static
../Core/Src/main.c:347:13:MX_TIM4_Init	72	static
../Core/Src/main.c:419:13:MX_DMA_Init	16	static
../Core/Src/main.c:440:13:MX_GPIO_Init	40	static
../Core/Src/main.c:495:6:Error_Handler	4	static,ignoring_inline_asm
