../Core/Src/main.c:97:16:crc_xor	24	static
../Core/Src/main.c:103:10:Get_ADC_Value	32	static
../Core/Src/main.c:121:6:HAL_SPI_TxRxCpltCallback	16	static
../Core/Src/main.c:129:6:HAL_SPI_ErrorCallback	16	static
../Core/Src/main.c:141:5:main	16	static
../Core/Src/main.c:239:6:SystemClock_Config	88	static
../Core/Src/main.c:285:13:MX_ADC1_Init	24	static
../Core/Src/main.c:332:13:MX_SPI1_Init	8	static
../Core/Src/main.c:369:13:MX_USART1_UART_Init	8	static
../Core/Src/main.c:400:13:MX_DMA_Init	16	static
../Core/Src/main.c:421:13:MX_GPIO_Init	32	static
../Core/Src/main.c:465:6:Error_Handler	4	static,ignoring_inline_asm
