Archive member included to satisfy reference by file (symbol)

C:/ST/STM32CubeIDE_1.18.1/STM32CubeIDE/plugins/com.st.stm32cube.ide.mcu.externaltools.gnu-tools-for-stm32.13.3.rel1.win32_1.0.0.202411081344/tools/bin/../lib/gcc/arm-none-eabi/13.3.1/../../../../arm-none-eabi/lib/thumb/v7-m/nofp\libc_nano.a(libc_a-exit.o)
                              C:/ST/STM32CubeIDE_1.18.1/STM32CubeIDE/plugins/com.st.stm32cube.ide.mcu.externaltools.gnu-tools-for-stm32.13.3.rel1.win32_1.0.0.202411081344/tools/bin/../lib/gcc/arm-none-eabi/13.3.1/../../../../arm-none-eabi/lib/thumb/v7-m/nofp/crt0.o (exit)
C:/ST/STM32CubeIDE_1.18.1/STM32CubeIDE/plugins/com.st.stm32cube.ide.mcu.externaltools.gnu-tools-for-stm32.13.3.rel1.win32_1.0.0.202411081344/tools/bin/../lib/gcc/arm-none-eabi/13.3.1/../../../../arm-none-eabi/lib/thumb/v7-m/nofp\libc_nano.a(libc_a-findfp.o)
                              C:/ST/STM32CubeIDE_1.18.1/STM32CubeIDE/plugins/com.st.stm32cube.ide.mcu.externaltools.gnu-tools-for-stm32.13.3.rel1.win32_1.0.0.202411081344/tools/bin/../lib/gcc/arm-none-eabi/13.3.1/../../../../arm-none-eabi/lib/thumb/v7-m/nofp\libc_nano.a(libc_a-exit.o) (__stdio_exit_handler)
C:/ST/STM32CubeIDE_1.18.1/STM32CubeIDE/plugins/com.st.stm32cube.ide.mcu.externaltools.gnu-tools-for-stm32.13.3.rel1.win32_1.0.0.202411081344/tools/bin/../lib/gcc/arm-none-eabi/13.3.1/../../../../arm-none-eabi/lib/thumb/v7-m/nofp\libc_nano.a(libc_a-fwalk.o)
                              C:/ST/STM32CubeIDE_1.18.1/STM32CubeIDE/plugins/com.st.stm32cube.ide.mcu.externaltools.gnu-tools-for-stm32.13.3.rel1.win32_1.0.0.202411081344/tools/bin/../lib/gcc/arm-none-eabi/13.3.1/../../../../arm-none-eabi/lib/thumb/v7-m/nofp\libc_nano.a(libc_a-findfp.o) (_fwalk_sglue)
C:/ST/STM32CubeIDE_1.18.1/STM32CubeIDE/plugins/com.st.stm32cube.ide.mcu.externaltools.gnu-tools-for-stm32.13.3.rel1.win32_1.0.0.202411081344/tools/bin/../lib/gcc/arm-none-eabi/13.3.1/../../../../arm-none-eabi/lib/thumb/v7-m/nofp\libc_nano.a(libc_a-stdio.o)
                              C:/ST/STM32CubeIDE_1.18.1/STM32CubeIDE/plugins/com.st.stm32cube.ide.mcu.externaltools.gnu-tools-for-stm32.13.3.rel1.win32_1.0.0.202411081344/tools/bin/../lib/gcc/arm-none-eabi/13.3.1/../../../../arm-none-eabi/lib/thumb/v7-m/nofp\libc_nano.a(libc_a-findfp.o) (__sread)
C:/ST/STM32CubeIDE_1.18.1/STM32CubeIDE/plugins/com.st.stm32cube.ide.mcu.externaltools.gnu-tools-for-stm32.13.3.rel1.win32_1.0.0.202411081344/tools/bin/../lib/gcc/arm-none-eabi/13.3.1/../../../../arm-none-eabi/lib/thumb/v7-m/nofp\libc_nano.a(libc_a-memset.o)
                              C:/ST/STM32CubeIDE_1.18.1/STM32CubeIDE/plugins/com.st.stm32cube.ide.mcu.externaltools.gnu-tools-for-stm32.13.3.rel1.win32_1.0.0.202411081344/tools/bin/../lib/gcc/arm-none-eabi/13.3.1/../../../../arm-none-eabi/lib/thumb/v7-m/nofp/crt0.o (memset)
C:/ST/STM32CubeIDE_1.18.1/STM32CubeIDE/plugins/com.st.stm32cube.ide.mcu.externaltools.gnu-tools-for-stm32.13.3.rel1.win32_1.0.0.202411081344/tools/bin/../lib/gcc/arm-none-eabi/13.3.1/../../../../arm-none-eabi/lib/thumb/v7-m/nofp\libc_nano.a(libc_a-closer.o)
                              C:/ST/STM32CubeIDE_1.18.1/STM32CubeIDE/plugins/com.st.stm32cube.ide.mcu.externaltools.gnu-tools-for-stm32.13.3.rel1.win32_1.0.0.202411081344/tools/bin/../lib/gcc/arm-none-eabi/13.3.1/../../../../arm-none-eabi/lib/thumb/v7-m/nofp\libc_nano.a(libc_a-stdio.o) (_close_r)
C:/ST/STM32CubeIDE_1.18.1/STM32CubeIDE/plugins/com.st.stm32cube.ide.mcu.externaltools.gnu-tools-for-stm32.13.3.rel1.win32_1.0.0.202411081344/tools/bin/../lib/gcc/arm-none-eabi/13.3.1/../../../../arm-none-eabi/lib/thumb/v7-m/nofp\libc_nano.a(libc_a-reent.o)
                              C:/ST/STM32CubeIDE_1.18.1/STM32CubeIDE/plugins/com.st.stm32cube.ide.mcu.externaltools.gnu-tools-for-stm32.13.3.rel1.win32_1.0.0.202411081344/tools/bin/../lib/gcc/arm-none-eabi/13.3.1/../../../../arm-none-eabi/lib/thumb/v7-m/nofp\libc_nano.a(libc_a-closer.o) (errno)
C:/ST/STM32CubeIDE_1.18.1/STM32CubeIDE/plugins/com.st.stm32cube.ide.mcu.externaltools.gnu-tools-for-stm32.13.3.rel1.win32_1.0.0.202411081344/tools/bin/../lib/gcc/arm-none-eabi/13.3.1/../../../../arm-none-eabi/lib/thumb/v7-m/nofp\libc_nano.a(libc_a-impure.o)
                              C:/ST/STM32CubeIDE_1.18.1/STM32CubeIDE/plugins/com.st.stm32cube.ide.mcu.externaltools.gnu-tools-for-stm32.13.3.rel1.win32_1.0.0.202411081344/tools/bin/../lib/gcc/arm-none-eabi/13.3.1/../../../../arm-none-eabi/lib/thumb/v7-m/nofp\libc_nano.a(libc_a-reent.o) (_impure_ptr)
C:/ST/STM32CubeIDE_1.18.1/STM32CubeIDE/plugins/com.st.stm32cube.ide.mcu.externaltools.gnu-tools-for-stm32.13.3.rel1.win32_1.0.0.202411081344/tools/bin/../lib/gcc/arm-none-eabi/13.3.1/../../../../arm-none-eabi/lib/thumb/v7-m/nofp\libc_nano.a(libc_a-lseekr.o)
[...]
Memory Configuration

Name             Origin             Length             Attributes
RAM              0x20000000         0x00005000         xrw
FLASH            0x08000000         0x00010000         xr
*default*        0x00000000         0xffffffff

Linker script and memory map

LOAD C:/ST/STM32CubeIDE_1.18.1/STM32CubeIDE/plugins/com.st.stm32cube.ide.mcu.externaltools.gnu-tools-for-stm32.13.3.rel1.win32_1.0.0.202411081344/tools/bin/../lib/gcc/arm-none-eabi/13.3.1/thumb/v7-m/nofp/crti.o
LOAD C:/ST/STM32CubeIDE_1.18.1/STM32CubeIDE/plugins/com.st.stm32cube.ide.mcu.externaltools.gnu-tools-for-stm32.13.3.rel1.win32_1.0.0.202411081344/tools/bin/../lib/gcc/arm-none-eabi/13.3.1/thumb/v7-m/nofp/crtbegin.o
LOAD C:/ST/STM32CubeIDE_1.18.1/STM32CubeIDE/plugins/com.st.stm32cube.ide.mcu.externaltools.gnu-tools-for-stm32.13.3.rel1.win32_1.0.0.202411081344/tools/bin/../lib/gcc/arm-none-eabi/13.3.1/../../../../arm-none-eabi/lib/thumb/v7-m/nofp/crt0.o
LOAD ./Core/Src/main.o
LOAD ./Core/Src/stm32f1xx_hal_msp.o
LOAD ./Core/Src/stm32f1xx_it.o
LOAD ./Core/Src/syscalls.o
LOAD ./Core/Src/sysmem.o
LOAD ./Core/Src/system_stm32f1xx.o
LOAD ./Core/Startup/startup_stm32f103c8tx.o
LOAD ./Drivers/STM32F1xx_HAL_Driver/Src/stm32f1xx_hal.o
LOAD ./Drivers/STM32F1xx_HAL_Driver/Src/stm32f1xx_hal_can.o
LOAD ./Drivers/STM32F1xx_HAL_Driver/Src/stm32f1xx_hal_cortex.o
LOAD ./Drivers/STM32F1xx_HAL_Driver/Src/stm32f1xx_hal_dma.o
LOAD ./Drivers/STM32F1xx_HAL_Driver/Src/stm32f1xx_hal_exti.o
LOAD ./Drivers/STM32F1xx_HAL_Driver/Src/stm32f1xx_hal_flash.o
LOAD ./Drivers/STM32F1xx_HAL_Driver/Src/stm32f1xx_hal_flash_ex.o
LOAD ./Drivers/STM32F1xx_HAL_Driver/Src/stm32f1xx_hal_gpio.o
LOAD ./Drivers/STM32F1xx_HAL_Driver/Src/stm32f1xx_hal_gpio_ex.o
LOAD ./Drivers/STM32F1xx_HAL_Driver/Src/stm32f1xx_hal_pwr.o
LOAD ./Drivers/STM32F1xx_HAL_Driver/Src/stm32f1xx_hal_rcc.o
LOAD ./Drivers/STM32F1xx_HAL_Driver/Src/stm32f1xx_hal_rcc_ex.o
LOAD ./Drivers/STM32F1xx_HAL_Driver/Src/stm32f1xx_hal_uart.o
START GROUP
LOAD C:/ST/STM32CubeIDE_1.18.1/STM32CubeIDE/plugins/com.st.stm32cube.ide.mcu.externaltools.gnu-tools-for-stm32.13.3.rel1.win32_1.0.0.202411081344/tools/bin/../lib/gcc/arm-none-eabi/13.3.1/../../../../arm-none-eabi/lib/thumb/v7-m/nofp\libc_nano.a
LOAD C:/ST/STM32CubeIDE_1.18.1/STM32CubeIDE/plugins/com.st.stm32cube.ide.mcu.externaltools.gnu-tools-for-stm32.13.3.rel1.win32_1.0.0.202411081344/tools/bin/../lib/gcc/arm-none-eabi/13.3.1/../../../../arm-none-eabi/lib/thumb/v7-m/nofp\libm.a
END GROUP
START GROUP
LOAD C:/ST/STM32CubeIDE_1.18.1/STM32CubeIDE/plugins/com.st.stm32cube.ide.mcu.externaltools.gnu-tools-for-stm32.13.3.rel1.win32_1.0.0.202411081344/tools/bin/../lib/gcc/arm-none-eabi/13.3.1/thumb/v7-m/nofp\libgcc.a
LOAD C:/ST/STM32CubeIDE_1.18.1/STM32CubeIDE/plugins/com.st.stm32cube.ide.mcu.externaltools.gnu-tools-for-stm32.13.3.rel1.win32_1.0.0.202411081344/tools/bin/../lib/gcc/arm-none-eabi/13.3.1/../../../../arm-none-eabi/lib/thumb/v7-m/nofp\libc_nano.a
END GROUP
START GROUP
LOAD C:/ST/STM32CubeIDE_1.18.1/STM32CubeIDE/plugins/com.st.stm32cube.ide.mcu.externaltools.gnu-tools-for-stm32.13.3.rel1.win32_1.0.0.202411081344/tools/bin/../lib/gcc/arm-none-eabi/13.3.1/thumb/v7-m/nofp\libgcc.a
LOAD C:/ST/STM32CubeIDE_1.18.1/STM32CubeIDE/plugins/com.st.stm32cube.ide.mcu.externaltools.gnu-tools-for-stm32.13.3.rel1.win32_1.0.0.202411081344/tools/bin/../lib/gcc/arm-none-eabi/13.3.1/../../../../arm-none-eabi/lib/thumb/v7-m/nofp\libc_nano.a
LOAD C:/ST/STM32CubeIDE_1.18.1/STM32CubeIDE/plugins/com.st.stm32cube.ide.mcu.externaltools.gnu-tools-for-stm32.13.3.rel1.win32_1.0.0.202411081344/tools/bin/../lib/gcc/arm-none-eabi/13.3.1/../../../../arm-none-eabi/lib/thumb/v7-m/nofp\libnosys.a
END GROUP
START GROUP
LOAD C:/ST/STM32CubeIDE_1.18.1/STM32CubeIDE/plugins/com.st.stm32cube.ide.mcu.externaltools.gnu-tools-for-stm32.13.3.rel1.win32_1.0.0.202411081344/tools/bin/../lib/gcc/arm-none-eabi/13.3.1/thumb/v7-m/nofp\libgcc.a
LOAD C:/ST/STM32CubeIDE_1.18.1/STM32CubeIDE/plugins/com.st.stm32cube.ide.mcu.externaltools.gnu-tools-for-stm32.13.3.rel1.win32_1.0.0.202411081344/tools/bin/../lib/gcc/arm-none-eabi/13.3.1/../../../../arm-none-eabi/lib/thumb/v7-m/nofp\libc_nano.a
LOAD C:/ST/STM32CubeIDE_1.18.1/STM32CubeIDE/plugins/com.st.stm32cube.ide.mcu.externaltools.gnu-tools-for-stm32.13.3.rel1.win32_1.0.0.202411081344/tools/bin/../lib/gcc/arm-none-eabi/13.3.1/../../../../arm-none-eabi/lib/thumb/v7-m/nofp\libnosys.a
END GROUP
LOAD C:/ST/STM32CubeIDE_1.18.1/STM32CubeIDE/plugins/com.st.stm32cube.ide.mcu.externaltools.gnu-tools-for-stm32.13.3.rel1.win32_1.0.0.202411081344/tools/bin/../lib/gcc/arm-none-eabi/13.3.1/thumb/v7-m/nofp/crtend.o
LOAD C:/ST/STM32CubeIDE_1.18.1/STM32CubeIDE/plugins/com.st.stm32cube.ide.mcu.externaltools.gnu-tools-for-stm32.13.3.rel1.win32_1.0.0.202411081344/tools/bin/../lib/gcc/arm-none-eabi/13.3.1/thumb/v7-m/nofp/crtn.o
                0x20005000                        _estack = (ORIGIN (RAM) + LENGTH (RAM))
                0x00000200                        _Min_Heap_Size = 0x200
                0x00000400                        _Min_Stack_Size = 0x400

.isr_vector     0x08000000      0x10c
                0x08000000                        . = ALIGN (0x4)
 *(.isr_vector)
 .isr_vector    0x08000000      0x10c ./Core/Startup/startup_stm32f103c8tx.o
                0x08000000                g_pfnVectors
                0x0800010c                        . = ALIGN (0x4)

.text           0x0800010c     0x2b3c
                0x0800010c                        . = ALIGN (0x4)
 *(.text)
 .text          0x0800010c       0x40 C:/ST/STM32CubeIDE_1.18.1/STM32CubeIDE/plugins/com.st.stm32cube.ide.mcu.externaltools.gnu-tools-for-stm32.13.3.rel1.win32_1.0.0.202411081344/tools/bin/../lib/gcc/arm-none-eabi/13.3.1/thumb/v7-m/nofp/crtbegin.o
 *(.text*)
 .text.Button_PollPressed
                0x0800014c       0x8c ./Core/Src/main.o
                0x0800014c                Button_PollPressed
 .text.CAN_OFF_FILTER
                0x080001d8       0x44 ./Core/Src/main.o
                0x080001d8                CAN_OFF_FILTER
 .text.CAN_ERR_HANDLE
                0x0800021c       0xb4 ./Core/Src/main.o
                0x0800021c                CAN_ERR_HANDLE
 .text.HAL_CAN_RxFifo0MsgPendingCallback
                0x080002d0      0x1a4 ./Core/Src/main.o
                0x080002d0                HAL_CAN_RxFifo0MsgPendingCallback
 .text.CAN_SEND
                0x08000474      0x11c ./Core/Src/main.o
                0x08000474                CAN_SEND
 .text.HAL_CAN_ErrorCallback
                0x08000590       0xa4 ./Core/Src/main.o
                0x08000590                HAL_CAN_ErrorCallback
 .text.CAN_INIT
                0x08000634       0x84 ./Core/Src/main.o
                0x08000634                CAN_INIT
 .text.main     0x080006b8      0x24c ./Core/Src/main.o
                0x080006b8                main
 .text.SystemClock_Config
                0x08000904       0x82 ./Core/Src/main.o
                0x08000904                SystemClock_Config
 *fill*         0x08000986        0x2 
 .text.MX_CAN_Init
                0x08000988       0x6c ./Core/Src/main.o
 .text.MX_USART1_UART_Init
                0x080009f4       0x54 ./Core/Src/main.o
 .text.MX_GPIO_Init
                0x08000a48       0xb4 ./Core/Src/main.o
 .text.Error_Handler
                0x08000afc        0xc ./Core/Src/main.o
                0x08000afc                Error_Handler
 .text.HAL_MspInit
                0x08000b08       0x64 ./Core/Src/stm32f1xx_hal_msp.o
                0x08000b08                HAL_MspInit
 .text.HAL_CAN_MspInit
                0x08000b6c       0xa8 ./Core/Src/stm32f1xx_hal_msp.o
                0x08000b6c                HAL_CAN_MspInit
 .text.HAL_UART_MspInit
                0x08000c14       0x98 ./Core/Src/stm32f1xx_hal_msp.o
                0x08000c14                HAL_UART_MspInit
 .text.NMI_Handler
                0x08000cac        0x8 ./Core/Src/stm32f1xx_it.o
                0x08000cac                NMI_Handler
 .text.HardFault_Handler
                0x08000cb4        0x8 ./Core/Src/stm32f1xx_it.o
                0x08000cb4                HardFault_Handler
 .text.MemManage_Handler
                0x08000cbc        0x8 ./Core/Src/stm32f1xx_it.o
                0x08000cbc                MemManage_Handler
 .text.BusFault_Handler
                0x08000cc4        0x8 ./Core/Src/stm32f1xx_it.o
                0x08000cc4                BusFault_Handler
 .text.UsageFault_Handler
                0x08000ccc        0x8 ./Core/Src/stm32f1xx_it.o
                0x08000ccc                UsageFault_Handler
 .text.SVC_Handler
                0x08000cd4        0xc ./Core/Src/stm32f1xx_it.o
                0x08000cd4                SVC_Handler
 .text.DebugMon_Handler
                0x08000ce0        0xc ./Core/Src/stm32f1xx_it.o
                0x08000ce0                DebugMon_Handler
 .text.PendSV_Handler
                0x08000cec        0xc ./Core/Src/stm32f1xx_it.o
                0x08000cec                PendSV_Handler
 .text.SysTick_Handler
                0x08000cf8        0xc ./Core/Src/stm32f1xx_it.o
                0x08000cf8                SysTick_Handler
 .text.USB_LP_CAN1_RX0_IRQHandler
                0x08000d04       0x14 ./Core/Src/stm32f1xx_it.o
                0x08000d04                USB_LP_CAN1_RX0_IRQHandler
 .text.SystemInit
                0x08000d18        0xc ./Core/Src/system_stm32f1xx.o
                0x08000d18                SystemInit
 .text.Reset_Handler
                0x08000d24       0x48 ./Core/Startup/startup_stm32f103c8tx.o
                0x08000d24                Reset_Handler
 .text.Default_Handler
                0x08000d6c        0x2 ./Core/Startup/startup_stm32f103c8tx.o
                0x08000d6c                RTC_Alarm_IRQHandler
                0x08000d6c                EXTI2_IRQHandler
                0x08000d6c                TIM1_CC_IRQHandler
                0x08000d6c                PVD_IRQHandler
                0x08000d6c                EXTI3_IRQHandler
                0x08000d6c                EXTI0_IRQHandler
                0x08000d6c                I2C2_EV_IRQHandler
                0x08000d6c                ADC1_2_IRQHandler
                0x08000d6c                SPI1_IRQHandler
                0x08000d6c                TAMPER_IRQHandler
                0x08000d6c                DMA1_Channel4_IRQHandler
                0x08000d6c                USART3_IRQHandler
                0x08000d6c                RTC_IRQHandler
                0x08000d6c                DMA1_Channel7_IRQHandler
                0x08000d6c                CAN1_RX1_IRQHandler
                0x08000d6c                TIM4_IRQHandler
                0x08000d6c                I2C1_EV_IRQHandler
                0x08000d6c                DMA1_Channel6_IRQHandler
                0x08000d6c                TIM3_IRQHandler
                0x08000d6c                RCC_IRQHandler
                0x08000d6c                TIM1_TRG_COM_IRQHandler
                0x08000d6c                DMA1_Channel1_IRQHandler
                0x08000d6c                Default_Handler
                0x08000d6c                EXTI15_10_IRQHandler
                0x08000d6c                EXTI9_5_IRQHandler
                0x08000d6c                SPI2_IRQHandler
                0x08000d6c                DMA1_Channel5_IRQHandler
                0x08000d6c                EXTI4_IRQHandler
                0x08000d6c                USB_HP_CAN1_TX_IRQHandler
                0x08000d6c                DMA1_Channel3_IRQHandler
                0x08000d6c                TIM1_UP_IRQHandler
                0x08000d6c                WWDG_IRQHandler
                0x08000d6c                TIM2_IRQHandler
                0x08000d6c                TIM1_BRK_IRQHandler
                0x08000d6c                EXTI1_IRQHandler
                0x08000d6c                USART2_IRQHandler
                0x08000d6c                I2C2_ER_IRQHandler
                0x08000d6c                DMA1_Channel2_IRQHandler
                0x08000d6c                CAN1_SCE_IRQHandler
                0x08000d6c                FLASH_IRQHandler
                0x08000d6c                USART1_IRQHandler
                0x08000d6c                I2C1_ER_IRQHandler
                0x08000d6c                USBWakeUp_IRQHandler
 *fill*         0x08000d6e        0x2 
 .text.HAL_Init
                0x08000d70       0x2c ./Drivers/STM32F1xx_HAL_Driver/Src/stm32f1xx_hal.o
                0x08000d70                HAL_Init
 .text.HAL_InitTick
                0x08000d9c       0x60 ./Drivers/STM32F1xx_HAL_Driver/Src/stm32f1xx_hal.o
                0x08000d9c                HAL_InitTick
 .text.HAL_IncTick
                0x08000dfc       0x24 ./Drivers/STM32F1xx_HAL_Driver/Src/stm32f1xx_hal.o
                0x08000dfc                HAL_IncTick
 .text.HAL_GetTick
                0x08000e20       0x14 ./Drivers/STM32F1xx_HAL_Driver/Src/stm32f1xx_hal.o
                0x08000e20                HAL_GetTick
 .text.HAL_Delay
                0x08000e34       0x48 ./Drivers/STM32F1xx_HAL_Driver/Src/stm32f1xx_hal.o
                0x08000e34                HAL_Delay
 .text.HAL_CAN_Init
                0x08000e7c      0x1f6 ./Drivers/STM32F1xx_HAL_Driver/Src/stm32f1xx_hal_can.o
                0x08000e7c                HAL_CAN_Init
 .text.HAL_CAN_ConfigFilter
                0x08001072      0x192 ./Drivers/STM32F1xx_HAL_Driver/Src/stm32f1xx_hal_can.o
                0x08001072                HAL_CAN_ConfigFilter
 .text.HAL_CAN_Start
                0x08001204       0x88 ./Drivers/STM32F1xx_HAL_Driver/Src/stm32f1xx_hal_can.o
                0x08001204                HAL_CAN_Start
 .text.HAL_CAN_Stop
                0x0800128c       0x92 ./Drivers/STM32F1xx_HAL_Driver/Src/stm32f1xx_hal_can.o
                0x0800128c                HAL_CAN_Stop
 .text.HAL_CAN_AddTxMessage
                0x0800131e      0x19e ./Drivers/STM32F1xx_HAL_Driver/Src/stm32f1xx_hal_can.o
                0x0800131e                HAL_CAN_AddTxMessage
 .text.HAL_CAN_GetTxMailboxesFreeLevel
                0x080014bc       0x68 ./Drivers/STM32F1xx_HAL_Driver/Src/stm32f1xx_hal_can.o
                0x080014bc                HAL_CAN_GetTxMailboxesFreeLevel
 .text.HAL_CAN_GetRxMessage
                0x08001524      0x242 ./Drivers/STM32F1xx_HAL_Driver/Src/stm32f1xx_hal_can.o
                0x08001524                HAL_CAN_GetRxMessage
 .text.HAL_CAN_GetRxFifoFillLevel
                0x08001766       0x4e ./Drivers/STM32F1xx_HAL_Driver/Src/stm32f1xx_hal_can.o
                0x08001766                HAL_CAN_GetRxFifoFillLevel
 .text.HAL_CAN_ActivateNotification
                0x080017b4       0x4a ./Drivers/STM32F1xx_HAL_Driver/Src/stm32f1xx_hal_can.o
                0x080017b4                HAL_CAN_ActivateNotification
 .text.HAL_CAN_IRQHandler
                0x080017fe      0x36e ./Drivers/STM32F1xx_HAL_Driver/Src/stm32f1xx_hal_can.o
                0x080017fe                HAL_CAN_IRQHandler
 .text.HAL_CAN_TxMailbox0CompleteCallback
                0x08001b6c       0x12 ./Drivers/STM32F1xx_HAL_Driver/Src/stm32f1xx_hal_can.o
                0x08001b6c                HAL_CAN_TxMailbox0CompleteCallback
 .text.HAL_CAN_TxMailbox1CompleteCallback
                0x08001b7e       0x12 ./Drivers/STM32F1xx_HAL_Driver/Src/stm32f1xx_hal_can.o
                0x08001b7e                HAL_CAN_TxMailbox1CompleteCallback
 .text.HAL_CAN_TxMailbox2CompleteCallback
                0x08001b90       0x12 ./Drivers/STM32F1xx_HAL_Driver/Src/stm32f1xx_hal_can.o
                0x08001b90                HAL_CAN_TxMailbox2CompleteCallback
 .text.HAL_CAN_TxMailbox0AbortCallback
                0x08001ba2       0x12 ./Drivers/STM32F1xx_HAL_Driver/Src/stm32f1xx_hal_can.o
                0x08001ba2                HAL_CAN_TxMailbox0AbortCallback
 .text.HAL_CAN_TxMailbox1AbortCallback
                0x08001bb4       0x12 ./Drivers/STM32F1xx_HAL_Driver/Src/stm32f1xx_hal_can.o
                0x08001bb4                HAL_CAN_TxMailbox1AbortCallback
 .text.HAL_CAN_TxMailbox2AbortCallback
                0x08001bc6       0x12 ./Drivers/STM32F1xx_HAL_Driver/Src/stm32f1xx_hal_can.o
                0x08001bc6                HAL_CAN_TxMailbox2AbortCallback
 .text.HAL_CAN_RxFifo0FullCallback
                0x08001bd8       0x12 ./Drivers/STM32F1xx_HAL_Driver/Src/stm32f1xx_hal_can.o
                0x08001bd8                HAL_CAN_RxFifo0FullCallback
 .text.HAL_CAN_RxFifo1MsgPendingCallback
                0x08001bea       0x12 ./Drivers/STM32F1xx_HAL_Driver/Src/stm32f1xx_hal_can.o
                0x08001bea                HAL_CAN_RxFifo1MsgPendingCallback
 .text.HAL_CAN_RxFifo1FullCallback
                0x08001bfc       0x12 ./Drivers/STM32F1xx_HAL_Driver/Src/stm32f1xx_hal_can.o
                0x08001bfc                HAL_CAN_RxFifo1FullCallback
 .text.HAL_CAN_SleepCallback
                0x08001c0e       0x12 ./Drivers/STM32F1xx_HAL_Driver/Src/stm32f1xx_hal_can.o
                0x08001c0e                HAL_CAN_SleepCallback
 .text.HAL_CAN_WakeUpFromRxMsgCallback
                0x08001c20       0x12 ./Drivers/STM32F1xx_HAL_Driver/Src/stm32f1xx_hal_can.o
                0x08001c20                HAL_CAN_WakeUpFromRxMsgCallback
 .text.HAL_CAN_GetError
                0x08001c32       0x16 ./Drivers/STM32F1xx_HAL_Driver/Src/stm32f1xx_hal_can.o
                0x08001c32                HAL_CAN_GetError
 .text.__NVIC_SetPriorityGrouping
                0x08001c48       0x48 ./Drivers/STM32F1xx_HAL_Driver/Src/stm32f1xx_hal_cortex.o
 .text.__NVIC_GetPriorityGrouping
                0x08001c90       0x1c ./Drivers/STM32F1xx_HAL_Driver/Src/stm32f1xx_hal_cortex.o
 .text.__NVIC_EnableIRQ
                0x08001cac       0x38 ./Drivers/STM32F1xx_HAL_Driver/Src/stm32f1xx_hal_cortex.o
 .text.__NVIC_SetPriority
                0x08001ce4       0x54 ./Drivers/STM32F1xx_HAL_Driver/Src/stm32f1xx_hal_cortex.o
 .text.NVIC_EncodePriority
                0x08001d38       0x64 ./Drivers/STM32F1xx_HAL_Driver/Src/stm32f1xx_hal_cortex.o
 .text.SysTick_Config
                0x08001d9c       0x44 ./Drivers/STM32F1xx_HAL_Driver/Src/stm32f1xx_hal_cortex.o
 .text.HAL_NVIC_SetPriorityGrouping
                0x08001de0       0x16 ./Drivers/STM32F1xx_HAL_Driver/Src/stm32f1xx_hal_cortex.o
                0x08001de0                HAL_NVIC_SetPriorityGrouping
 .text.HAL_NVIC_SetPriority
                0x08001df6       0x38 ./Drivers/STM32F1xx_HAL_Driver/Src/stm32f1xx_hal_cortex.o
                0x08001df6                HAL_NVIC_SetPriority
 .text.HAL_NVIC_EnableIRQ
                0x08001e2e       0x1c ./Drivers/STM32F1xx_HAL_Driver/Src/stm32f1xx_hal_cortex.o
                0x08001e2e                HAL_NVIC_EnableIRQ
 .text.HAL_SYSTICK_Config
                0x08001e4a       0x18 ./Drivers/STM32F1xx_HAL_Driver/Src/stm32f1xx_hal_cortex.o
                0x08001e4a                HAL_SYSTICK_Config
 *fill*         0x08001e62        0x2 
 .text.HAL_GPIO_Init
                0x08001e64      0x308 ./Drivers/STM32F1xx_HAL_Driver/Src/stm32f1xx_hal_gpio.o
                0x08001e64                HAL_GPIO_Init
 .text.HAL_GPIO_ReadPin
                0x0800216c       0x2e ./Drivers/STM32F1xx_HAL_Driver/Src/stm32f1xx_hal_gpio.o
                0x0800216c                HAL_GPIO_ReadPin
 .text.HAL_GPIO_WritePin
                0x0800219a       0x30 ./Drivers/STM32F1xx_HAL_Driver/Src/stm32f1xx_hal_gpio.o
                0x0800219a                HAL_GPIO_WritePin
 .text.HAL_GPIO_TogglePin
                0x080021ca       0x32 ./Drivers/STM32F1xx_HAL_Driver/Src/stm32f1xx_hal_gpio.o
                0x080021ca                HAL_GPIO_TogglePin
 .text.HAL_RCC_OscConfig
                0x080021fc      0x504 ./Drivers/STM32F1xx_HAL_Driver/Src/stm32f1xx_hal_rcc.o
                0x080021fc                HAL_RCC_OscConfig
 .text.HAL_RCC_ClockConfig
                0x08002700      0x1d4 ./Drivers/STM32F1xx_HAL_Driver/Src/stm32f1xx_hal_rcc.o
                0x08002700                HAL_RCC_ClockConfig
 .text.HAL_RCC_GetSysClockFreq
                0x080028d4       0xa8 ./Drivers/STM32F1xx_HAL_Driver/Src/stm32f1xx_hal_rcc.o
                0x080028d4                HAL_RCC_GetSysClockFreq
 .text.HAL_RCC_GetHCLKFreq
                0x0800297c       0x14 ./Drivers/STM32F1xx_HAL_Driver/Src/stm32f1xx_hal_rcc.o
                0x0800297c                HAL_RCC_GetHCLKFreq
 .text.HAL_RCC_GetPCLK1Freq
                0x08002990       0x28 ./Drivers/STM32F1xx_HAL_Driver/Src/stm32f1xx_hal_rcc.o
                0x08002990                HAL_RCC_GetPCLK1Freq
 .text.HAL_RCC_GetPCLK2Freq
                0x080029b8       0x28 ./Drivers/STM32F1xx_HAL_Driver/Src/stm32f1xx_hal_rcc.o
                0x080029b8                HAL_RCC_GetPCLK2Freq
 .text.RCC_Delay
                0x080029e0       0x3c ./Drivers/STM32F1xx_HAL_Driver/Src/stm32f1xx_hal_rcc.o
 .text.HAL_UART_Init
                0x08002a1c       0xa0 ./Drivers/STM32F1xx_HAL_Driver/Src/stm32f1xx_hal_uart.o
                0x08002a1c                HAL_UART_Init
 .text.UART_SetConfig
                0x08002abc      0x11c ./Drivers/STM32F1xx_HAL_Driver/Src/stm32f1xx_hal_uart.o
 .text.memset   0x08002bd8       0x10 C:/ST/STM32CubeIDE_1.18.1/STM32CubeIDE/plugins/com.st.stm32cube.ide.mcu.externaltools.gnu-tools-for-stm32.13.3.rel1.win32_1.0.0.202411081344/tools/bin/../lib/gcc/arm-none-eabi/13.3.1/../../../../arm-none-eabi/lib/thumb/v7-m/nofp\libc_nano.a(libc_a-memset.o)
                0x08002bd8                memset
 .text.__libc_init_array
                0x08002be8       0x48 C:/ST/STM32CubeIDE_1.18.1/STM32CubeIDE/plugins/com.st.stm32cube.ide.mcu.externaltools.gnu-tools-for-stm32.13.3.rel1.win32_1.0.0.202411081344/tools/bin/../lib/gcc/arm-none-eabi/13.3.1/../../../../arm-none-eabi/lib/thumb/v7-m/nofp\libc_nano.a(libc_a-init.o)
                0x08002be8                __libc_init_array
 *(.glue_7)
 .glue_7        0x08002c30        0x0 linker stubs
 *(.glue_7t)
 .glue_7t       0x08002c30        0x0 linker stubs
 *(.eh_frame)
 .eh_frame      0x08002c30        0x0 C:/ST/STM32CubeIDE_1.18.1/STM32CubeIDE/plugins/com.st.stm32cube.ide.mcu.externaltools.gnu-tools-for-stm32.13.3.rel1.win32_1.0.0.202411081344/tools/bin/../lib/gcc/arm-none-eabi/13.3.1/thumb/v7-m/nofp/crtbegin.o
 *(.init)
 .init          0x08002c30        0x4 C:/ST/STM32CubeIDE_1.18.1/STM32CubeIDE/plugins/com.st.stm32cube.ide.mcu.externaltools.gnu-tools-for-stm32.13.3.rel1.win32_1.0.0.202411081344/tools/bin/../lib/gcc/arm-none-eabi/13.3.1/thumb/v7-m/nofp/crti.o
                0x08002c30                _init
 .init          0x08002c34        0x8 C:/ST/STM32CubeIDE_1.18.1/STM32CubeIDE/plugins/com.st.stm32cube.ide.mcu.externaltools.gnu-tools-for-stm32.13.3.rel1.win32_1.0.0.202411081344/tools/bin/../lib/gcc/arm-none-eabi/13.3.1/thumb/v7-m/nofp/crtn.o
 *(.fini)
 .fini          0x08002c3c        0x4 C:/ST/STM32CubeIDE_1.18.1/STM32CubeIDE/plugins/com.st.stm32cube.ide.mcu.externaltools.gnu-tools-for-stm32.13.3.rel1.win32_1.0.0.202411081344/tools/bin/../lib/gcc/arm-none-eabi/13.3.1/thumb/v7-m/nofp/crti.o
                0x08002c3c                _fini
 .fini          0x08002c40        0x8 C:/ST/STM32CubeIDE_1.18.1/STM32CubeIDE/plugins/com.st.stm32cube.ide.mcu.externaltools.gnu-tools-for-stm32.13.3.rel1.win32_1.0.0.202411081344/tools/bin/../lib/gcc/arm-none-eabi/13.3.1/thumb/v7-m/nofp/crtn.o
                0x08002c48                        . = ALIGN (0x4)
                0x08002c48                        _etext = .

.vfp11_veneer   0x08002c48        0x0
 .vfp11_veneer  0x08002c48        0x0 linker stubs

.v4_bx          0x08002c48        0x0
 .v4_bx         0x08002c48        0x0 linker stubs

.iplt           0x08002c48        0x0
 .iplt          0x08002c48        0x0 C:/ST/STM32CubeIDE_1.18.1/STM32CubeIDE/plugins/com.st.stm32cube.ide.mcu.externaltools.gnu-tools-for-stm32.13.3.rel1.win32_1.0.0.202411081344/tools/bin/../lib/gcc/arm-none-eabi/13.3.1/thumb/v7-m/nofp/crtbegin.o

.rodata         0x08002c48       0x2c
                0x08002c48                        . = ALIGN (0x4)
 *(.rodata)
 *(.rodata*)
 .rodata.AHBPrescTable
                0x08002c48       0x10 ./Core/Src/system_stm32f1xx.o
                0x08002c48                AHBPrescTable
 .rodata.APBPrescTable
                0x08002c58        0x8 ./Core/Src/system_stm32f1xx.o
                0x08002c58                APBPrescTable
 .rodata.aPLLMULFactorTable.1
                0x08002c60       0x10 ./Drivers/STM32F1xx_HAL_Driver/Src/stm32f1xx_hal_rcc.o
 .rodata.aPredivFactorTable.0
                0x08002c70        0x2 ./Drivers/STM32F1xx_HAL_Driver/Src/stm32f1xx_hal_rcc.o
                0x08002c74                        . = ALIGN (0x4)
 *fill*         0x08002c72        0x2 

.ARM.extab      0x08002c74        0x0
                0x08002c74                        . = ALIGN (0x4)
 *(.ARM.extab* .gnu.linkonce.armextab.*)
                0x08002c74                        . = ALIGN (0x4)

.ARM            0x08002c74        0x0
                0x08002c74                        . = ALIGN (0x4)
                0x08002c74                        __exidx_start = .
 *(.ARM.exidx*)
                0x08002c74                        __exidx_end = .
                0x08002c74                        . = ALIGN (0x4)

.preinit_array  0x08002c74        0x0
                0x08002c74                        . = ALIGN (0x4)
                0x08002c74                        PROVIDE (__preinit_array_start = .)
 *(.preinit_array*)
                0x08002c74                        PROVIDE (__preinit_array_end = .)
                0x08002c74                        . = ALIGN (0x4)

.init_array     0x08002c74        0x4
                0x08002c74                        . = ALIGN (0x4)
                0x08002c74                        PROVIDE (__init_array_start = .)
 *(SORT_BY_NAME(.init_array.*))
 *(.init_array*)
 .init_array    0x08002c74        0x4 C:/ST/STM32CubeIDE_1.18.1/STM32CubeIDE/plugins/com.st.stm32cube.ide.mcu.externaltools.gnu-tools-for-stm32.13.3.rel1.win32_1.0.0.202411081344/tools/bin/../lib/gcc/arm-none-eabi/13.3.1/thumb/v7-m/nofp/crtbegin.o
                0x08002c78                        PROVIDE (__init_array_end = .)
                0x08002c78                        . = ALIGN (0x4)

.fini_array     0x08002c78        0x4
                0x08002c78                        . = ALIGN (0x4)
                [!provide]                        PROVIDE (__fini_array_start = .)
 *(SORT_BY_NAME(.fini_array.*))
 *(.fini_array*)
 .fini_array    0x08002c78        0x4 C:/ST/STM32CubeIDE_1.18.1/STM32CubeIDE/plugins/com.st.stm32cube.ide.mcu.externaltools.gnu-tools-for-stm32.13.3.rel1.win32_1.0.0.202411081344/tools/bin/../lib/gcc/arm-none-eabi/13.3.1/thumb/v7-m/nofp/crtbegin.o
                [!provide]                        PROVIDE (__fini_array_end = .)
                0x08002c7c                        . = ALIGN (0x4)
                0x08002c7c                        _sidata = LOADADDR (.data)

.rel.dyn        0x08002c7c        0x0
 .rel.iplt      0x08002c7c        0x0 C:/ST/STM32CubeIDE_1.18.1/STM32CubeIDE/plugins/com.st.stm32cube.ide.mcu.externaltools.gnu-tools-for-stm32.13.3.rel1.win32_1.0.0.202411081344/tools/bin/../lib/gcc/arm-none-eabi/13.3.1/thumb/v7-m/nofp/crtbegin.o

.data           0x20000000       0x10 load address 0x08002c7c
                0x20000000                        . = ALIGN (0x4)
                0x20000000                        _sdata = .
 *(.data)
 *(.data*)
 .data.btn_prev
                0x20000000        0x1 ./Core/Src/main.o
 .data.state_global
                0x20000001        0x1 ./Core/Src/main.o
                0x20000001                state_global
 *fill*         0x20000002        0x2 
 .data.SystemCoreClock
                0x20000004        0x4 ./Core/Src/system_stm32f1xx.o
                0x20000004                SystemCoreClock
 .data.uwTickPrio
                0x20000008        0x4 ./Drivers/STM32F1xx_HAL_Driver/Src/stm32f1xx_hal.o
                0x20000008                uwTickPrio
 .data.uwTickFreq
                0x2000000c        0x1 ./Drivers/STM32F1xx_HAL_Driver/Src/stm32f1xx_hal.o
                0x2000000c                uwTickFreq
 *(.RamFunc)
 *(.RamFunc*)
                0x20000010                        . = ALIGN (0x4)
 *fill*         0x2000000d        0x3 
                0x20000010                        _edata = .

.igot.plt       0x20000010        0x0 load address 0x08002c8c
 .igot.plt      0x20000010        0x0 C:/ST/STM32CubeIDE_1.18.1/STM32CubeIDE/plugins/com.st.stm32cube.ide.mcu.externaltools.gnu-tools-for-stm32.13.3.rel1.win32_1.0.0.202411081344/tools/bin/../lib/gcc/arm-none-eabi/13.3.1/thumb/v7-m/nofp/crtbegin.o
                0x20000010                        . = ALIGN (0x4)

.bss            0x20000010       0xc0 load address 0x08002c8c
                0x20000010                        _sbss = .
                0x20000010                        __bss_start__ = _sbss
 *(.bss)
 .bss           0x20000010       0x1c C:/ST/STM32CubeIDE_1.18.1/STM32CubeIDE/plugins/com.st.stm32cube.ide.mcu.externaltools.gnu-tools-for-stm32.13.3.rel1.win32_1.0.0.202411081344/tools/bin/../lib/gcc/arm-none-eabi/13.3.1/thumb/v7-m/nofp/crtbegin.o
 *(.bss*)
 .bss.hcan      0x2000002c       0x28 ./Core/Src/main.o
                0x2000002c                hcan
 .bss.huart1    0x20000054       0x48 ./Core/Src/main.o
                0x20000054                huart1
 .bss.state_IR  0x2000009c        0x2 ./Core/Src/main.o
                0x2000009c                state_IR
 *fill*         0x2000009e        0x2 
 .bss.state_BTN
                0x200000a0        0x2 ./Core/Src/main.o
                0x200000a0                state_BTN
 *fill*         0x200000a2        0x2 
 .bss.t_last_change
                0x200000a4        0x4 ./Core/Src/main.o
 .bss.global_tx_counter
                0x200000a8        0x1 ./Core/Src/main.o
                0x200000a8                global_tx_counter
 *fill*         0x200000a9        0x3 
 .bss.can_rx_err_cnt
                0x200000ac        0x5 ./Core/Src/main.o
                0x200000ac                can_rx_err_cnt
 *fill*         0x200000b1        0x3 
 .bss.stuck_counter
                0x200000b4        0x5 ./Core/Src/main.o
                0x200000b4                stuck_counter
 *fill*         0x200000b9        0x3 
 .bss.last_counter
                0x200000bc        0x5 ./Core/Src/main.o
                0x200000bc                last_counter
 *fill*         0x200000c1        0x3 
 .bss.last_zone_rx_time
                0x200000c4        0x4 ./Core/Src/main.o
                0x200000c4                last_zone_rx_time
 .bss.latched.0
                0x200000c8        0x1 ./Core/Src/main.o
 *fill*         0x200000c9        0x3 
 .bss.uwTick    0x200000cc        0x4 ./Drivers/STM32F1xx_HAL_Driver/Src/stm32f1xx_hal.o
                0x200000cc                uwTick
 *(COMMON)
                0x200000d0                        . = ALIGN (0x4)
                0x200000d0                        _ebss = .
                0x200000d0                        __bss_end__ = _ebss

._user_heap_stack
                0x200000d0      0x600 load address 0x08002c8c
                0x200000d0                        . = ALIGN (0x8)
                [!provide]                        PROVIDE (end = .)
                0x200000d0                        PROVIDE (_end = .)
                0x200002d0                        . = (. + _Min_Heap_Size)
 *fill*         0x200000d0      0x200 
                0x200006d0                        . = (. + _Min_Stack_Size)
 *fill*         0x200002d0      0x400 
                0x200006d0                        . = ALIGN (0x8)

/DISCARD/
 libc.a(*)
 libm.a(*)
 libgcc.a(*)

.ARM.attributes
                0x00000000       0x29
 *(.ARM.attributes)
 .ARM.attributes
                0x00000000       0x1d C:/ST/STM32CubeIDE_1.18.1/STM32CubeIDE/plugins/com.st.stm32cube.ide.mcu.externaltools.gnu-tools-for-stm32.13.3.rel1.win32_1.0.0.202411081344/tools/bin/../lib/gcc/arm-none-eabi/13.3.1/thumb/v7-m/nofp/crti.o
 .ARM.attributes
                0x0000001d       0x2d C:/ST/STM32CubeIDE_1.18.1/STM32CubeIDE/plugins/com.st.stm32cube.ide.mcu.externaltools.gnu-tools-for-stm32.13.3.rel1.win32_1.0.0.202411081344/tools/bin/../lib/gcc/arm-none-eabi/13.3.1/thumb/v7-m/nofp/crtbegin.o
 .ARM.attributes
                0x0000004a       0x2d ./Core/Src/main.o
 .ARM.attributes
                0x00000077       0x2d ./Core/Src/stm32f1xx_hal_msp.o
 .ARM.attributes
                0x000000a4       0x2d ./Core/Src/stm32f1xx_it.o
 .ARM.attributes
                0x000000d1       0x2d ./Core/Src/system_stm32f1xx.o
 .ARM.attributes
                0x000000fe       0x21 ./Core/Startup/startup_stm32f103c8tx.o
 .ARM.attributes
                0x0000011f       0x2d ./Drivers/STM32F1xx_HAL_Driver/Src/stm32f1xx_hal.o
 .ARM.attributes
                0x0000014c       0x2d ./Drivers/STM32F1xx_HAL_Driver/Src/stm32f1xx_hal_can.o
 .ARM.attributes
                0x00000179       0x2d ./Drivers/STM32F1xx_HAL_Driver/Src/stm32f1xx_hal_cortex.o
 .ARM.attributes
                0x000001a6       0x2d ./Drivers/STM32F1xx_HAL_Driver/Src/stm32f1xx_hal_gpio.o
 .ARM.attributes
                0x000001d3       0x2d ./Drivers/STM32F1xx_HAL_Driver/Src/stm32f1xx_hal_rcc.o
 .ARM.attributes
                0x00000200       0x2d ./Drivers/STM32F1xx_HAL_Driver/Src/stm32f1xx_hal_uart.o
 .ARM.attributes
                0x0000022d       0x2d C:/ST/STM32CubeIDE_1.18.1/STM32CubeIDE/plugins/com.st.stm32cube.ide.mcu.externaltools.gnu-tools-for-stm32.13.3.rel1.win32_1.0.0.202411081344/tools/bin/../lib/gcc/arm-none-eabi/13.3.1/../../../../arm-none-eabi/lib/thumb/v7-m/nofp\libc_nano.a(libc_a-memset.o)
 .ARM.attributes
                0x0000025a       0x2d C:/ST/STM32CubeIDE_1.18.1/STM32CubeIDE/plugins/com.st.stm32cube.ide.mcu.externaltools.gnu-tools-for-stm32.13.3.rel1.win32_1.0.0.202411081344/tools/bin/../lib/gcc/arm-none-eabi/13.3.1/../../../../arm-none-eabi/lib/thumb/v7-m/nofp\libc_nano.a(libc_a-init.o)
 .ARM.attributes
                0x00000287       0x1d C:/ST/STM32CubeIDE_1.18.1/STM32CubeIDE/plugins/com.st.stm32cube.ide.mcu.externaltools.gnu-tools-for-stm32.13.3.rel1.win32_1.0.0.202411081344/tools/bin/../lib/gcc/arm-none-eabi/13.3.1/thumb/v7-m/nofp/crtn.o
OUTPUT(Zone4_LOCAL.elf elf32-littlearm)
LOAD linker stubs
LOAD C:/ST/STM32CubeIDE_1.18.1/STM32CubeIDE/plugins/com.st.stm32cube.ide.mcu.externaltools.gnu-tools-for-stm32.13.3.rel1.win32_1.0.0.202411081344/tools/bin/../lib/gcc/arm-none-eabi/13.3.1/../../../../arm-none-eabi/lib/thumb/v7-m/nofp\libc.a
LOAD C:/ST/STM32CubeIDE_1.18.1/STM32CubeIDE/plugins/com.st.stm32cube.ide.mcu.externaltools.gnu-tools-for-stm32.13.3.rel1.win32_1.0.0.202411081344/tools/bin/../lib/gcc/arm-none-eabi/13.3.1/../../../../arm-none-eabi/lib/thumb/v7-m/nofp\libm.a
LOAD C:/ST/STM32CubeIDE_1.18.1/STM32CubeIDE/plugins/com.st.stm32cube.ide.mcu.externaltools.gnu-tools-for-stm32.13.3.rel1.win32_1.0.0.202411081344/tools/bin/../lib/gcc/arm-none-eabi/13.3.1/thumb/v7-m/nofp\libgcc.a

.debug_info     0x00000000     0x8767
 .debug_info    0x00000000     0x1540 ./Core/Src/main.o
 .debug_info    0x00001540      0xdc9 ./Core/Src/stm32f1xx_hal_msp.o
 .debug_info    0x00002309      0x501 ./Core/Src/stm32f1xx_it.o
 .debug_info    0x0000280a      0x222 ./Core/Src/system_stm32f1xx.o
 .debug_info    0x00002a2c       0x30 ./Core/Startup/startup_stm32f103c8tx.o
 .debug_info    0x00002a5c      0x704 ./Drivers/STM32F1xx_HAL_Driver/Src/stm32f1xx_hal.o
 .debug_info    0x00003160      0xf13 ./Drivers/STM32F1xx_HAL_Driver/Src/stm32f1xx_hal_can.o
 .debug_info    0x00004073      0xa87 ./Drivers/STM32F1xx_HAL_Driver/Src/stm32f1xx_hal_cortex.o
 .debug_info    0x00004afa      0x5ab ./Drivers/STM32F1xx_HAL_Driver/Src/stm32f1xx_hal_gpio.o
 .debug_info    0x000050a5      0x7d5 ./Drivers/STM32F1xx_HAL_Driver/Src/stm32f1xx_hal_rcc.o
 .debug_info    0x0000587a     0x2eed ./Drivers/STM32F1xx_HAL_Driver/Src/stm32f1xx_hal_uart.o

.debug_abbrev   0x00000000     0x1737
 .debug_abbrev  0x00000000      0x3c0 ./Core/Src/main.o
 .debug_abbrev  0x000003c0      0x20e ./Core/Src/stm32f1xx_hal_msp.o
 .debug_abbrev  0x000005ce      0x17c ./Core/Src/stm32f1xx_it.o
 .debug_abbrev  0x0000074a      0x13f ./Core/Src/system_stm32f1xx.o
 .debug_abbrev  0x00000889       0x24 ./Core/Startup/startup_stm32f103c8tx.o
 .debug_abbrev  0x000008ad      0x201 ./Drivers/STM32F1xx_HAL_Driver/Src/stm32f1xx_hal.o
 .debug_abbrev  0x00000aae      0x21c ./Drivers/STM32F1xx_HAL_Driver/Src/stm32f1xx_hal_can.o
 .debug_abbrev  0x00000cca      0x2f8 ./Drivers/STM32F1xx_HAL_Driver/Src/stm32f1xx_hal_cortex.o
 .debug_abbrev  0x00000fc2      0x1ca ./Drivers/STM32F1xx_HAL_Driver/Src/stm32f1xx_hal_gpio.o
 .debug_abbrev  0x0000118c      0x2b3 ./Drivers/STM32F1xx_HAL_Driver/Src/stm32f1xx_hal_rcc.o
 .debug_abbrev  0x0000143f      0x2f8 ./Drivers/STM32F1xx_HAL_Driver/Src/stm32f1xx_hal_uart.o

.debug_aranges  0x00000000      0x780
 .debug_aranges
                0x00000000       0x80 ./Core/Src/main.o
 .debug_aranges
                0x00000080       0x40 ./Core/Src/stm32f1xx_hal_msp.o
 .debug_aranges
                0x000000c0       0x68 ./Core/Src/stm32f1xx_it.o
 .debug_aranges
                0x00000128       0x28 ./Core/Src/system_stm32f1xx.o
 .debug_aranges
                0x00000150       0x28 ./Core/Startup/startup_stm32f103c8tx.o
 .debug_aranges
                0x00000178       0xe0 ./Drivers/STM32F1xx_HAL_Driver/Src/stm32f1xx_hal.o
 .debug_aranges
                0x00000258      0x138 ./Drivers/STM32F1xx_HAL_Driver/Src/stm32f1xx_hal_can.o
 .debug_aranges
                0x00000390      0x100 ./Drivers/STM32F1xx_HAL_Driver/Src/stm32f1xx_hal_cortex.o
 .debug_aranges
                0x00000490       0x58 ./Drivers/STM32F1xx_HAL_Driver/Src/stm32f1xx_hal_gpio.o
 .debug_aranges
                0x000004e8       0x90 ./Drivers/STM32F1xx_HAL_Driver/Src/stm32f1xx_hal_rcc.o
 .debug_aranges
                0x00000578      0x208 ./Drivers/STM32F1xx_HAL_Driver/Src/stm32f1xx_hal_uart.o

.debug_rnglists
                0x00000000      0x5bf
 .debug_rnglists
                0x00000000       0x64 ./Core/Src/main.o
 .debug_rnglists
                0x00000064       0x2d ./Core/Src/stm32f1xx_hal_msp.o
 .debug_rnglists
                0x00000091       0x49 ./Core/Src/stm32f1xx_it.o
 .debug_rnglists
                0x000000da       0x1a ./Core/Src/system_stm32f1xx.o
 .debug_rnglists
                0x000000f4       0x19 ./Core/Startup/startup_stm32f103c8tx.o
 .debug_rnglists
                0x0000010d       0xa3 ./Drivers/STM32F1xx_HAL_Driver/Src/stm32f1xx_hal.o
 .debug_rnglists
                0x000001b0       0xed ./Drivers/STM32F1xx_HAL_Driver/Src/stm32f1xx_hal_can.o
 .debug_rnglists
                0x0000029d       0xbb ./Drivers/STM32F1xx_HAL_Driver/Src/stm32f1xx_hal_cortex.o
 .debug_rnglists
                0x00000358       0x3f ./Drivers/STM32F1xx_HAL_Driver/Src/stm32f1xx_hal_gpio.o
 .debug_rnglists
                0x00000397       0x6c ./Drivers/STM32F1xx_HAL_Driver/Src/stm32f1xx_hal_rcc.o
 .debug_rnglists
                0x00000403      0x1bc ./Drivers/STM32F1xx_HAL_Driver/Src/stm32f1xx_hal_uart.o

.debug_macro    0x00000000    0x164b9
 .debug_macro   0x00000000      0x24f ./Core/Src/main.o
 .debug_macro   0x0000024f      0xacc ./Core/Src/main.o
 .debug_macro   0x00000d1b      0x21b ./Core/Src/main.o
 .debug_macro   0x00000f36       0x2e ./Core/Src/main.o
 .debug_macro   0x00000f64       0x22 ./Core/Src/main.o
 .debug_macro   0x00000f86       0x22 ./Core/Src/main.o
 .debug_macro   0x00000fa8       0x8e ./Core/Src/main.o
 .debug_macro   0x00001036       0x51 ./Core/Src/main.o
 .debug_macro   0x00001087      0x103 ./Core/Src/main.o
 .debug_macro   0x0000118a       0x6a ./Core/Src/main.o
 .debug_macro   0x000011f4      0x1df ./Core/Src/main.o
 .debug_macro   0x000013d3       0x1c ./Core/Src/main.o
 .debug_macro   0x000013ef       0x22 ./Core/Src/main.o
 .debug_macro   0x00001411       0xbd ./Core/Src/main.o
 .debug_macro   0x000014ce      0xd23 ./Core/Src/main.o
 .debug_macro   0x000021f1     0xe09e ./Core/Src/main.o
 .debug_macro   0x0001028f       0x6d ./Core/Src/main.o
 .debug_macro   0x000102fc     0x34a2 ./Core/Src/main.o
 .debug_macro   0x0001379e      0x190 ./Core/Src/main.o
 .debug_macro   0x0001392e       0x5c ./Core/Src/main.o
 .debug_macro   0x0001398a      0x5bc ./Core/Src/main.o
 .debug_macro   0x00013f46      0x289 ./Core/Src/main.o
 .debug_macro   0x000141cf      0x1cb ./Core/Src/main.o
 .debug_macro   0x0001439a      0x114 ./Core/Src/main.o
 .debug_macro   0x000144ae      0x1b2 ./Core/Src/main.o
 .debug_macro   0x00014660       0x27 ./Core/Src/main.o
 .debug_macro   0x00014687      0x136 ./Core/Src/main.o
 .debug_macro   0x000147bd      0x1bc ./Core/Src/main.o
 .debug_macro   0x00014979       0x34 ./Core/Src/main.o
 .debug_macro   0x000149ad       0x3c ./Core/Src/main.o
 .debug_macro   0x000149e9      0x408 ./Core/Src/main.o
 .debug_macro   0x00014df1       0x57 ./Core/Src/main.o
 .debug_macro   0x00014e48       0x87 ./Core/Src/main.o
 .debug_macro   0x00014ecf      0x240 ./Core/Src/main.o
 .debug_macro   0x0001510f      0x140 ./Core/Src/main.o
 .debug_macro   0x0001524f      0x28e ./Core/Src/main.o
 .debug_macro   0x000154dd       0x83 ./Core/Src/main.o
 .debug_macro   0x00015560       0x28 ./Core/Src/main.o
 .debug_macro   0x00015588      0x1a7 ./Core/Src/stm32f1xx_hal_msp.o
 .debug_macro   0x0001572f      0x1b1 ./Core/Src/stm32f1xx_it.o
 .debug_macro   0x000158e0      0x198 ./Core/Src/system_stm32f1xx.o
 .debug_macro   0x00015a78      0x1bc ./Drivers/STM32F1xx_HAL_Driver/Src/stm32f1xx_hal.o
 .debug_macro   0x00015c34      0x1a7 ./Drivers/STM32F1xx_HAL_Driver/Src/stm32f1xx_hal_can.o
 .debug_macro   0x00015ddb      0x198 ./Drivers/STM32F1xx_HAL_Driver/Src/stm32f1xx_hal_cortex.o
 .debug_macro   0x00015f73      0x203 ./Drivers/STM32F1xx_HAL_Driver/Src/stm32f1xx_hal_gpio.o
 .debug_macro   0x00016176      0x1aa ./Drivers/STM32F1xx_HAL_Driver/Src/stm32f1xx_hal_rcc.o
 .debug_macro   0x00016320      0x199 ./Drivers/STM32F1xx_HAL_Driver/Src/stm32f1xx_hal_uart.o

.debug_line     0x00000000     0x86b4
 .debug_line    0x00000000      0xc45 ./Core/Src/main.o
 .debug_line    0x00000c45      0x78c ./Core/Src/stm32f1xx_hal_msp.o
 .debug_line    0x000013d1      0x7a9 ./Core/Src/stm32f1xx_it.o
 .debug_line    0x00001b7a      0x761 ./Core/Src/system_stm32f1xx.o
 .debug_line    0x000022db       0x78 ./Core/Startup/startup_stm32f103c8tx.o
 .debug_line    0x00002353      0x992 ./Drivers/STM32F1xx_HAL_Driver/Src/stm32f1xx_hal.o
 .debug_line    0x00002ce5     0x118b ./Drivers/STM32F1xx_HAL_Driver/Src/stm32f1xx_hal_can.o
 .debug_line    0x00003e70      0xb5c ./Drivers/STM32F1xx_HAL_Driver/Src/stm32f1xx_hal_cortex.o
 .debug_line    0x000049cc      0x9ef ./Drivers/STM32F1xx_HAL_Driver/Src/stm32f1xx_hal_gpio.o
 .debug_line    0x000053bb      0xe4b ./Drivers/STM32F1xx_HAL_Driver/Src/stm32f1xx_hal_rcc.o
 .debug_line    0x00006206     0x24ae ./Drivers/STM32F1xx_HAL_Driver/Src/stm32f1xx_hal_uart.o

.debug_str      0x00000000    0x810ee
 .debug_str     0x00000000    0x810ee ./Core/Src/main.o
                              0x7fb03 (size before relaxing)
 .debug_str     0x000810ee    0x7f645 ./Core/Src/stm32f1xx_hal_msp.o
 .debug_str     0x000810ee    0x7ef07 ./Core/Src/stm32f1xx_it.o
 .debug_str     0x000810ee    0x7ebdc ./Core/Src/system_stm32f1xx.o
 .debug_str     0x000810ee       0x7a ./Core/Startup/startup_stm32f103c8tx.o
 .debug_str     0x000810ee    0x7f30f ./Drivers/STM32F1xx_HAL_Driver/Src/stm32f1xx_hal.o
 .debug_str     0x000810ee    0x7f3e4 ./Drivers/STM32F1xx_HAL_Driver/Src/stm32f1xx_hal_can.o
 .debug_str     0x000810ee    0x7f25b ./Drivers/STM32F1xx_HAL_Driver/Src/stm32f1xx_hal_cortex.o
 .debug_str     0x000810ee    0x7ef62 ./Drivers/STM32F1xx_HAL_Driver/Src/stm32f1xx_hal_gpio.o
 .debug_str     0x000810ee    0x7f00b ./Drivers/STM32F1xx_HAL_Driver/Src/stm32f1xx_hal_rcc.o
 .debug_str     0x000810ee    0x7f67c ./Drivers/STM32F1xx_HAL_Driver/Src/stm32f1xx_hal_uart.o

.comment        0x00000000       0x43
 .comment       0x00000000       0x43 ./Core/Src/main.o
                                 0x44 (size before relaxing)
 .comment       0x00000043       0x44 ./Core/Src/stm32f1xx_hal_msp.o
 .comment       0x00000043       0x44 ./Core/Src/stm32f1xx_it.o
 .comment       0x00000043       0x44 ./Core/Src/system_stm32f1xx.o
 .comment       0x00000043       0x44 ./Drivers/STM32F1xx_HAL_Driver/Src/stm32f1xx_hal.o
 .comment       0x00000043       0x44 ./Drivers/STM32F1xx_HAL_Driver/Src/stm32f1xx_hal_can.o
 .comment       0x00000043       0x44 ./Drivers/STM32F1xx_HAL_Driver/Src/stm32f1xx_hal_cortex.o
 .comment       0x00000043       0x44 ./Drivers/STM32F1xx_HAL_Driver/Src/stm32f1xx_hal_gpio.o
 .comment       0x00000043       0x44 ./Drivers/STM32F1xx_HAL_Driver/Src/stm32f1xx_hal_rcc.o
 .comment       0x00000043       0x44 ./Drivers/STM32F1xx_HAL_Driver/Src/stm32f1xx_hal_uart.o

.debug_frame    0x00000000     0x1df4
 .debug_frame   0x00000000      0x1c4 ./Core/Src/main.o
 .debug_frame   0x000001c4       0xc8 ./Core/Src/stm32f1xx_hal_msp.o
 .debug_frame   0x0000028c      0x120 ./Core/Src/stm32f1xx_it.o
 .debug_frame   0x000003ac       0x58 ./Core/Src/system_stm32f1xx.o
 .debug_frame   0x00000404      0x334 ./Drivers/STM32F1xx_HAL_Driver/Src/stm32f1xx_hal.o
 .debug_frame   0x00000738      0x5a0 ./Drivers/STM32F1xx_HAL_Driver/Src/stm32f1xx_hal_can.o
 .debug_frame   0x00000cd8      0x428 ./Drivers/STM32F1xx_HAL_Driver/Src/stm32f1xx_hal_cortex.o
 .debug_frame   0x00001100      0x14c ./Drivers/STM32F1xx_HAL_Driver/Src/stm32f1xx_hal_gpio.o
 .debug_frame   0x0000124c      0x218 ./Drivers/STM32F1xx_HAL_Driver/Src/stm32f1xx_hal_rcc.o
 .debug_frame   0x00001464      0x944 ./Drivers/STM32F1xx_HAL_Driver/Src/stm32f1xx_hal_uart.o
 .debug_frame   0x00001da8       0x20 C:/ST/STM32CubeIDE_1.18.1/STM32CubeIDE/plugins/com.st.stm32cube.ide.mcu.externaltools.gnu-tools-for-stm32.13.3.rel1.win32_1.0.0.202411081344/tools/bin/../lib/gcc/arm-none-eabi/13.3.1/../../../../arm-none-eabi/lib/thumb/v7-m/nofp\libc_nano.a(libc_a-memset.o)
 .debug_frame   0x00001dc8       0x2c C:/ST/STM32CubeIDE_1.18.1/STM32CubeIDE/plugins/com.st.stm32cube.ide.mcu.externaltools.gnu-tools-for-stm32.13.3.rel1.win32_1.0.0.202411081344/tools/bin/../lib/gcc/arm-none-eabi/13.3.1/../../../../arm-none-eabi/lib/thumb/v7-m/nofp\libc_nano.a(libc_a-init.o)

.debug_line_str
                0x00000000       0x5e
 .debug_line_str
                0x00000000       0x5e ./Core/Startup/startup_stm32f103c8tx.o
