Archive member included to satisfy reference by file (symbol)

C:/ST/STM32CubeIDE_1.18.1/STM32CubeIDE/plugins/com.st.stm32cube.ide.mcu.externaltools.gnu-tools-for-stm32.13.3.rel1.win32_1.0.0.202411081344/tools/bin/../lib/gcc/arm-none-eabi/13.3.1/../../../../arm-none-eabi/lib/thumb/v7-m/nofp\libc_nano.a(libc_a-exit.o)
                              C:/ST/STM32CubeIDE_1.18.1/STM32CubeIDE/plugins/com.st.stm32cube.ide.mcu.externaltools.gnu-tools-for-stm32.13.3.rel1.win32_1.0.0.202411081344/tools/bin/../lib/gcc/arm-none-eabi/13.3.1/../../../../arm-none-eabi/lib/thumb/v7-m/nofp/crt0.o (exit)
C:/ST/STM32CubeIDE_1.18.1/STM32CubeIDE/plugins/com.st.stm32cube.ide.mcu.externaltools.gnu-tools-for-stm32.13.3.rel1.win32_1.0.0.202411081344/tools/bin/../lib/gcc/arm-none-eabi/13.3.1/../../../../arm-none-eabi/lib/thumb/v7-m/nofp\libc_nano.a(libc_a-findfp.o)
                              C:/ST/STM32CubeIDE_1.18.1/STM32CubeIDE/plugins/com.st.stm32cube.ide.mcu.externaltools.gnu-tools-for-stm32.13.3.rel1.win32_1.0.0.202411081344/tools/bin/../lib/gcc/arm-none-eabi/13.3.1/../../../../arm-none-eabi/lib/thumb/v7-m/nofp\libc_nano.a(libc_a-exit.o) (__stdio_exit_handler)
C:/ST/STM32CubeIDE_1.18.1/STM32CubeIDE/plugins/com.st.stm32cube.ide.mcu.externaltools.gnu-tools-for-stm32.13.3.rel1.win32_1.0.0.202411081344/tools/bin/../lib/gcc/arm-none-eabi/13.3.1/../../../../arm-none-eabi/lib/thumb/v7-m/nofp\libc_nano.a(libc_a-fwalk.o)
                              C:/ST/STM32CubeIDE_1.18.1/STM32CubeIDE/plugins/com.st.stm32cube.ide.mcu.externaltools.gnu-tools-for-stm32.13.3.rel1.win32_1.0.0.202411081344/tools/bin/../lib/gcc/arm-none-eabi/13.3.1/../../../../arm-none-eabi/lib/thumb/v7-m/nofp\libc_nano.a(libc_a-findfp.o) (_fwalk_sglue)
C:/ST/STM32CubeIDE_1.18.1/STM32CubeIDE/plugins/com.st.stm32cube.ide.mcu.externaltools.gnu-tools-for-stm32.13.3.rel1.win32_1.0.0.202411081344/tools/bin/../lib/gcc/arm-none-eabi/13.3.1/../../../../arm-none-eabi/lib/thumb/v7-m/nofp\libc_nano.a(libc_a-stdio.o)
                              C:/ST/STM32CubeIDE_1.18.1/STM32CubeIDE/plugins/com.st.stm32cube.ide.mcu.externaltools.gnu-tools-for-stm32.13.3.rel1.win32_1.0.0.202411081344/tools/bin/../lib/gcc/arm-none-eabi/13.3.1/../../../../arm-none-eabi/lib/thumb/v7-m/nofp\libc_nano.a(libc_a-findfp.o) (__sread)
C:/ST/STM32CubeIDE_1.18.1/STM32CubeIDE/plugins/com.st.stm32cube.ide.mcu.externaltools.gnu-tools-for-stm32.13.3.rel1.win32_1.0.0.202411081344/tools/bin/../lib/gcc/arm-none-eabi/13.3.1/../../../../arm-none-eabi/lib/thumb/v7-m/nofp\libc_nano.a(libc_a-memset.o)
                              C:/ST/STM32CubeIDE_1.18.1/STM32CubeIDE/plugins/com.st.stm32cube.ide.mcu.externaltools.gnu-tools-for-stm32.13.3.rel1.win32_1.0.0.202411081344/tools/bin/../lib/gcc/arm-none-eabi/13.3.1/../../../../arm-none-eabi/lib/thumb/v7-m/nofp/crt0.o (memset)
C:/ST/STM32CubeIDE_1.18.1/STM32CubeIDE/plugins/com.st.stm32cube.ide.mcu.externaltools.gnu-tools-for-stm32.13.3.rel1.win32_1.0.0.202411081344/tools/bin/../lib/gcc/arm-none-eabi/13.3.1/../../../../arm-none-eabi/lib/thumb/v7-m/nofp\libc_nano.a(libc_a-closer.o)
                              C:/ST/STM32CubeIDE_1.18.1/STM32CubeIDE/plugins/com.st.stm32cube.ide.mcu.externaltools.gnu-tools-for-stm32.13.3.rel1.win32_1.0.0.202411081344/tools/bin/../lib/gcc/arm-none-eabi/13.3.1/../../../../arm-none-eabi/lib/thumb/v7-m/nofp\libc_nano.a(libc_a-stdio.o) (_close_r)
C:/ST/STM32CubeIDE_1.18.1/STM32CubeIDE/plugins/com.st.stm32cube.ide.mcu.externaltools.gnu-tools-for-stm32.13.3.rel1.win32_1.0.0.202411081344/tools/bin/../lib/gcc/arm-none-eabi/13.3.1/../../../../arm-none-eabi/lib/thumb/v7-m/nofp\libc_nano.a(libc_a-reent.o)
                              C:/ST/STM32CubeIDE_1.18.1/STM32CubeIDE/plugins/com.st.stm32cube.ide.mcu.externaltools.gnu-tools-for-stm32.13.3.rel1.win32_1.0.0.202411081344/tools/bin/../lib/gcc/arm-none-eabi/13.3.1/../../../../arm-none-eabi/lib/thumb/v7-m/nofp\libc_nano.a(libc_a-closer.o) (errno)
C:/ST/STM32CubeIDE_1.18.1/STM32CubeIDE/plugins/com.st.stm32cube.ide.mcu.externaltools.gnu-tools-for-stm32.13.3.rel1.win32_1.0.0.202411081344/tools/bin/../lib/gcc/arm-none-eabi/13.3.1/../../../../arm-none-eabi/lib/thumb/v7-m/nofp\libc_nano.a(libc_a-impure.o)
                              C:/ST/STM32CubeIDE_1.18.1/STM32CubeIDE/plugins/com.st.stm32cube.ide.mcu.externaltools.gnu-tools-for-stm32.13.3.rel1.win32_1.0.0.202411081344/tools/bin/../lib/gcc/arm-none-eabi/13.3.1/../../../../arm-none-eabi/lib/thumb/v7-m/nofp\libc_nano.a(libc_a-reent.o) (_impure_ptr)
C:/ST/STM32CubeIDE_1.18.1/STM32CubeIDE/plugins/com.st.stm32cube.ide.mcu.externaltools.gnu-tools-for-stm32.13.3.rel1.win32_1.0.0.202411081344/tools/bin/../lib/gcc/arm-none-eabi/13.3.1/../../../../arm-none-eabi/lib/thumb/v7-m/nofp\libc_nano.a(libc_a-lseekr.o)
[...]
Memory Configuration

Name             Origin             Length             Attributes
RAM              0x20000000         0x00005000         xrw
FLASH            0x08000000         0x00010000         xr
*default*        0x00000000         0xffffffff

Linker script and memory map

LOAD C:/ST/STM32CubeIDE_1.18.1/STM32CubeIDE/plugins/com.st.stm32cube.ide.mcu.externaltools.gnu-tools-for-stm32.13.3.rel1.win32_1.0.0.202411081344/tools/bin/../lib/gcc/arm-none-eabi/13.3.1/thumb/v7-m/nofp/crti.o
LOAD C:/ST/STM32CubeIDE_1.18.1/STM32CubeIDE/plugins/com.st.stm32cube.ide.mcu.externaltools.gnu-tools-for-stm32.13.3.rel1.win32_1.0.0.202411081344/tools/bin/../lib/gcc/arm-none-eabi/13.3.1/thumb/v7-m/nofp/crtbegin.o
LOAD C:/ST/STM32CubeIDE_1.18.1/STM32CubeIDE/plugins/com.st.stm32cube.ide.mcu.externaltools.gnu-tools-for-stm32.13.3.rel1.win32_1.0.0.202411081344/tools/bin/../lib/gcc/arm-none-eabi/13.3.1/../../../../arm-none-eabi/lib/thumb/v7-m/nofp/crt0.o
LOAD ./Core/Src/main.o
LOAD ./Core/Src/stm32f1xx_hal_msp.o
LOAD ./Core/Src/stm32f1xx_it.o
LOAD ./Core/Src/syscalls.o
LOAD ./Core/Src/sysmem.o
LOAD ./Core/Src/system_stm32f1xx.o
LOAD ./Core/Startup/startup_stm32f103c8tx.o
LOAD ./Drivers/STM32F1xx_HAL_Driver/Src/stm32f1xx_hal.o
LOAD ./Drivers/STM32F1xx_HAL_Driver/Src/stm32f1xx_hal_cortex.o
LOAD ./Drivers/STM32F1xx_HAL_Driver/Src/stm32f1xx_hal_dma.o
LOAD ./Drivers/STM32F1xx_HAL_Driver/Src/stm32f1xx_hal_exti.o
LOAD ./Drivers/STM32F1xx_HAL_Driver/Src/stm32f1xx_hal_flash.o
LOAD ./Drivers/STM32F1xx_HAL_Driver/Src/stm32f1xx_hal_flash_ex.o
LOAD ./Drivers/STM32F1xx_HAL_Driver/Src/stm32f1xx_hal_gpio.o
LOAD ./Drivers/STM32F1xx_HAL_Driver/Src/stm32f1xx_hal_gpio_ex.o
LOAD ./Drivers/STM32F1xx_HAL_Driver/Src/stm32f1xx_hal_pwr.o
LOAD ./Drivers/STM32F1xx_HAL_Driver/Src/stm32f1xx_hal_rcc.o
LOAD ./Drivers/STM32F1xx_HAL_Driver/Src/stm32f1xx_hal_rcc_ex.o
LOAD ./Drivers/STM32F1xx_HAL_Driver/Src/stm32f1xx_hal_spi.o
LOAD ./Drivers/STM32F1xx_HAL_Driver/Src/stm32f1xx_hal_tim.o
LOAD ./Drivers/STM32F1xx_HAL_Driver/Src/stm32f1xx_hal_tim_ex.o
START GROUP
LOAD C:/ST/STM32CubeIDE_1.18.1/STM32CubeIDE/plugins/com.st.stm32cube.ide.mcu.externaltools.gnu-tools-for-stm32.13.3.rel1.win32_1.0.0.202411081344/tools/bin/../lib/gcc/arm-none-eabi/13.3.1/../../../../arm-none-eabi/lib/thumb/v7-m/nofp\libc_nano.a
LOAD C:/ST/STM32CubeIDE_1.18.1/STM32CubeIDE/plugins/com.st.stm32cube.ide.mcu.externaltools.gnu-tools-for-stm32.13.3.rel1.win32_1.0.0.202411081344/tools/bin/../lib/gcc/arm-none-eabi/13.3.1/../../../../arm-none-eabi/lib/thumb/v7-m/nofp\libm.a
END GROUP
START GROUP
LOAD C:/ST/STM32CubeIDE_1.18.1/STM32CubeIDE/plugins/com.st.stm32cube.ide.mcu.externaltools.gnu-tools-for-stm32.13.3.rel1.win32_1.0.0.202411081344/tools/bin/../lib/gcc/arm-none-eabi/13.3.1/thumb/v7-m/nofp\libgcc.a
LOAD C:/ST/STM32CubeIDE_1.18.1/STM32CubeIDE/plugins/com.st.stm32cube.ide.mcu.externaltools.gnu-tools-for-stm32.13.3.rel1.win32_1.0.0.202411081344/tools/bin/../lib/gcc/arm-none-eabi/13.3.1/../../../../arm-none-eabi/lib/thumb/v7-m/nofp\libc_nano.a
END GROUP
START GROUP
LOAD C:/ST/STM32CubeIDE_1.18.1/STM32CubeIDE/plugins/com.st.stm32cube.ide.mcu.externaltools.gnu-tools-for-stm32.13.3.rel1.win32_1.0.0.202411081344/tools/bin/../lib/gcc/arm-none-eabi/13.3.1/thumb/v7-m/nofp\libgcc.a
LOAD C:/ST/STM32CubeIDE_1.18.1/STM32CubeIDE/plugins/com.st.stm32cube.ide.mcu.externaltools.gnu-tools-for-stm32.13.3.rel1.win32_1.0.0.202411081344/tools/bin/../lib/gcc/arm-none-eabi/13.3.1/../../../../arm-none-eabi/lib/thumb/v7-m/nofp\libc_nano.a
LOAD C:/ST/STM32CubeIDE_1.18.1/STM32CubeIDE/plugins/com.st.stm32cube.ide.mcu.externaltools.gnu-tools-for-stm32.13.3.rel1.win32_1.0.0.202411081344/tools/bin/../lib/gcc/arm-none-eabi/13.3.1/../../../../arm-none-eabi/lib/thumb/v7-m/nofp\libnosys.a
END GROUP
START GROUP
LOAD C:/ST/STM32CubeIDE_1.18.1/STM32CubeIDE/plugins/com.st.stm32cube.ide.mcu.externaltools.gnu-tools-for-stm32.13.3.rel1.win32_1.0.0.202411081344/tools/bin/../lib/gcc/arm-none-eabi/13.3.1/thumb/v7-m/nofp\libgcc.a
LOAD C:/ST/STM32CubeIDE_1.18.1/STM32CubeIDE/plugins/com.st.stm32cube.ide.mcu.externaltools.gnu-tools-for-stm32.13.3.rel1.win32_1.0.0.202411081344/tools/bin/../lib/gcc/arm-none-eabi/13.3.1/../../../../arm-none-eabi/lib/thumb/v7-m/nofp\libc_nano.a
LOAD C:/ST/STM32CubeIDE_1.18.1/STM32CubeIDE/plugins/com.st.stm32cube.ide.mcu.externaltools.gnu-tools-for-stm32.13.3.rel1.win32_1.0.0.202411081344/tools/bin/../lib/gcc/arm-none-eabi/13.3.1/../../../../arm-none-eabi/lib/thumb/v7-m/nofp\libnosys.a
END GROUP
LOAD C:/ST/STM32CubeIDE_1.18.1/STM32CubeIDE/plugins/com.st.stm32cube.ide.mcu.externaltools.gnu-tools-for-stm32.13.3.rel1.win32_1.0.0.202411081344/tools/bin/../lib/gcc/arm-none-eabi/13.3.1/thumb/v7-m/nofp/crtend.o
LOAD C:/ST/STM32CubeIDE_1.18.1/STM32CubeIDE/plugins/com.st.stm32cube.ide.mcu.externaltools.gnu-tools-for-stm32.13.3.rel1.win32_1.0.0.202411081344/tools/bin/../lib/gcc/arm-none-eabi/13.3.1/thumb/v7-m/nofp/crtn.o
                0x20005000                        _estack = (ORIGIN (RAM) + LENGTH (RAM))
                0x00000200                        _Min_Heap_Size = 0x200
                0x00000400                        _Min_Stack_Size = 0x400

.isr_vector     0x08000000      0x10c
                0x08000000                        . = ALIGN (0x4)
 *(.isr_vector)
 .isr_vector    0x08000000      0x10c ./Core/Startup/startup_stm32f103c8tx.o
                0x08000000                g_pfnVectors
                0x0800010c                        . = ALIGN (0x4)

.text           0x0800010c     0x34b0
                0x0800010c                        . = ALIGN (0x4)
 *(.text)
 .text          0x0800010c       0x40 C:/ST/STM32CubeIDE_1.18.1/STM32CubeIDE/plugins/com.st.stm32cube.ide.mcu.externaltools.gnu-tools-for-stm32.13.3.rel1.win32_1.0.0.202411081344/tools/bin/../lib/gcc/arm-none-eabi/13.3.1/thumb/v7-m/nofp/crtbegin.o
 *(.text*)
 .text.crc_xor  0x0800014c       0x3c ./Core/Src/main.o
 .text.send_distance_to_master
                0x08000188       0xac ./Core/Src/main.o
                0x08000188                send_distance_to_master
 .text.dwt_init
                0x08000234       0x34 ./Core/Src/main.o
 .text.delay_us
                0x08000268       0x4c ./Core/Src/main.o
 .text.hcsr04_trigger
                0x080002b4       0x28 ./Core/Src/main.o
 .text.HAL_TIM_IC_CaptureCallback
                0x080002dc       0x54 ./Core/Src/main.o
                0x080002dc                HAL_TIM_IC_CaptureCallback
 .text.HAL_SPI_TxRxCpltCallback
                0x08000330       0x3c ./Core/Src/main.o
                0x08000330                HAL_SPI_TxRxCpltCallback
 .text.HAL_SPI_ErrorCallback
                0x0800036c       0x3c ./Core/Src/main.o
                0x0800036c                HAL_SPI_ErrorCallback
 .text.main     0x080003a8      0x10c ./Core/Src/main.o
                0x080003a8                main
 .text.SystemClock_Config
                0x080004b4       0x82 ./Core/Src/main.o
                0x080004b4                SystemClock_Config
 *fill*         0x08000536        0x2 
 .text.MX_SPI1_Init
                0x08000538       0x64 ./Core/Src/main.o
 .text.MX_TIM4_Init
                0x0800059c      0x13c ./Core/Src/main.o
 .text.MX_DMA_Init
                0x080006d8       0x4c ./Core/Src/main.o
 .text.MX_GPIO_Init
                0x08000724       0xec ./Core/Src/main.o
 .text.Error_Handler
                0x08000810        0xc ./Core/Src/main.o
                0x08000810                Error_Handler
 .text.HAL_MspInit
                0x0800081c       0x64 ./Core/Src/stm32f1xx_hal_msp.o
                0x0800081c                HAL_MspInit
 .text.HAL_SPI_MspInit
                0x08000880      0x13c ./Core/Src/stm32f1xx_hal_msp.o
                0x08000880                HAL_SPI_MspInit
 .text.HAL_TIM_Base_MspInit
                0x080009bc       0x8c ./Core/Src/stm32f1xx_hal_msp.o
                0x080009bc                HAL_TIM_Base_MspInit
 .text.NMI_Handler
                0x08000a48        0x8 ./Core/Src/stm32f1xx_it.o
                0x08000a48                NMI_Handler
 .text.HardFault_Handler
                0x08000a50        0x8 ./Core/Src/stm32f1xx_it.o
                0x08000a50                HardFault_Handler
 .text.MemManage_Handler
                0x08000a58        0x8 ./Core/Src/stm32f1xx_it.o
                0x08000a58                MemManage_Handler
 .text.BusFault_Handler
                0x08000a60        0x8 ./Core/Src/stm32f1xx_it.o
                0x08000a60                BusFault_Handler
 .text.UsageFault_Handler
                0x08000a68        0x8 ./Core/Src/stm32f1xx_it.o
                0x08000a68                UsageFault_Handler
 .text.SVC_Handler
                0x08000a70        0xc ./Core/Src/stm32f1xx_it.o
                0x08000a70                SVC_Handler
 .text.DebugMon_Handler
                0x08000a7c        0xc ./Core/Src/stm32f1xx_it.o
                0x08000a7c                DebugMon_Handler
 .text.PendSV_Handler
                0x08000a88        0xc ./Core/Src/stm32f1xx_it.o
                0x08000a88                PendSV_Handler
 .text.SysTick_Handler
                0x08000a94        0xc ./Core/Src/stm32f1xx_it.o
                0x08000a94                SysTick_Handler
 .text.DMA1_Channel2_IRQHandler
                0x08000aa0       0x14 ./Core/Src/stm32f1xx_it.o
                0x08000aa0                DMA1_Channel2_IRQHandler
 .text.DMA1_Channel3_IRQHandler
                0x08000ab4       0x14 ./Core/Src/stm32f1xx_it.o
                0x08000ab4                DMA1_Channel3_IRQHandler
 .text.TIM4_IRQHandler
                0x08000ac8       0x14 ./Core/Src/stm32f1xx_it.o
                0x08000ac8                TIM4_IRQHandler
 .text.SystemInit
                0x08000adc        0xc ./Core/Src/system_stm32f1xx.o
                0x08000adc                SystemInit
 .text.Reset_Handler
                0x08000ae8       0x48 ./Core/Startup/startup_stm32f103c8tx.o
                0x08000ae8                Reset_Handler
 .text.Default_Handler
                0x08000b30        0x2 ./Core/Startup/startup_stm32f103c8tx.o
                0x08000b30                RTC_Alarm_IRQHandler
                0x08000b30                EXTI2_IRQHandler
                0x08000b30                TIM1_CC_IRQHandler
                0x08000b30                PVD_IRQHandler
                0x08000b30                EXTI3_IRQHandler
                0x08000b30                EXTI0_IRQHandler
                0x08000b30                I2C2_EV_IRQHandler
                0x08000b30                ADC1_2_IRQHandler
                0x08000b30                SPI1_IRQHandler
                0x08000b30                TAMPER_IRQHandler
                0x08000b30                DMA1_Channel4_IRQHandler
                0x08000b30                USART3_IRQHandler
                0x08000b30                RTC_IRQHandler
                0x08000b30                DMA1_Channel7_IRQHandler
                0x08000b30                CAN1_RX1_IRQHandler
                0x08000b30                I2C1_EV_IRQHandler
                0x08000b30                DMA1_Channel6_IRQHandler
                0x08000b30                TIM3_IRQHandler
                0x08000b30                RCC_IRQHandler
                0x08000b30                TIM1_TRG_COM_IRQHandler
                0x08000b30                DMA1_Channel1_IRQHandler
                0x08000b30                Default_Handler
                0x08000b30                EXTI15_10_IRQHandler
                0x08000b30                EXTI9_5_IRQHandler
                0x08000b30                SPI2_IRQHandler
                0x08000b30                DMA1_Channel5_IRQHandler
                0x08000b30                EXTI4_IRQHandler
                0x08000b30                USB_LP_CAN1_RX0_IRQHandler
                0x08000b30                USB_HP_CAN1_TX_IRQHandler
                0x08000b30                TIM1_UP_IRQHandler
                0x08000b30                WWDG_IRQHandler
                0x08000b30                TIM2_IRQHandler
                0x08000b30                TIM1_BRK_IRQHandler
                0x08000b30                EXTI1_IRQHandler
                0x08000b30                USART2_IRQHandler
                0x08000b30                I2C2_ER_IRQHandler
                0x08000b30                CAN1_SCE_IRQHandler
                0x08000b30                FLASH_IRQHandler
                0x08000b30                USART1_IRQHandler
                0x08000b30                I2C1_ER_IRQHandler
                0x08000b30                USBWakeUp_IRQHandler
 *fill*         0x08000b32        0x2 
 .text.HAL_Init
                0x08000b34       0x2c ./Drivers/STM32F1xx_HAL_Driver/Src/stm32f1xx_hal.o
                0x08000b34                HAL_Init
 .text.HAL_InitTick
                0x08000b60       0x60 ./Drivers/STM32F1xx_HAL_Driver/Src/stm32f1xx_hal.o
                0x08000b60                HAL_InitTick
 .text.HAL_IncTick
                0x08000bc0       0x24 ./Drivers/STM32F1xx_HAL_Driver/Src/stm32f1xx_hal.o
                0x08000bc0                HAL_IncTick
 .text.HAL_GetTick
                0x08000be4       0x14 ./Drivers/STM32F1xx_HAL_Driver/Src/stm32f1xx_hal.o
                0x08000be4                HAL_GetTick
 .text.HAL_Delay
                0x08000bf8       0x48 ./Drivers/STM32F1xx_HAL_Driver/Src/stm32f1xx_hal.o
                0x08000bf8                HAL_Delay
 .text.__NVIC_SetPriorityGrouping
                0x08000c40       0x48 ./Drivers/STM32F1xx_HAL_Driver/Src/stm32f1xx_hal_cortex.o
 .text.__NVIC_GetPriorityGrouping
                0x08000c88       0x1c ./Drivers/STM32F1xx_HAL_Driver/Src/stm32f1xx_hal_cortex.o
 .text.__NVIC_EnableIRQ
                0x08000ca4       0x38 ./Drivers/STM32F1xx_HAL_Driver/Src/stm32f1xx_hal_cortex.o
 .text.__NVIC_SetPriority
                0x08000cdc       0x54 ./Drivers/STM32F1xx_HAL_Driver/Src/stm32f1xx_hal_cortex.o
 .text.NVIC_EncodePriority
                0x08000d30       0x64 ./Drivers/STM32F1xx_HAL_Driver/Src/stm32f1xx_hal_cortex.o
 .text.SysTick_Config
                0x08000d94       0x44 ./Drivers/STM32F1xx_HAL_Driver/Src/stm32f1xx_hal_cortex.o
 .text.HAL_NVIC_SetPriorityGrouping
                0x08000dd8       0x16 ./Drivers/STM32F1xx_HAL_Driver/Src/stm32f1xx_hal_cortex.o
                0x08000dd8                HAL_NVIC_SetPriorityGrouping
 .text.HAL_NVIC_SetPriority
                0x08000dee       0x38 ./Drivers/STM32F1xx_HAL_Driver/Src/stm32f1xx_hal_cortex.o
                0x08000dee                HAL_NVIC_SetPriority
 .text.HAL_NVIC_EnableIRQ
                0x08000e26       0x1c ./Drivers/STM32F1xx_HAL_Driver/Src/stm32f1xx_hal_cortex.o
                0x08000e26                HAL_NVIC_EnableIRQ
 .text.HAL_SYSTICK_Config
                0x08000e42       0x18 ./Drivers/STM32F1xx_HAL_Driver/Src/stm32f1xx_hal_cortex.o
                0x08000e42                HAL_SYSTICK_Config
 *fill*         0x08000e5a        0x2 
 .text.HAL_DMA_Init
                0x08000e5c       0xb4 ./Drivers/STM32F1xx_HAL_Driver/Src/stm32f1xx_hal_dma.o
                0x08000e5c                HAL_DMA_Init
 .text.HAL_DMA_Start_IT
                0x08000f10       0xc0 ./Drivers/STM32F1xx_HAL_Driver/Src/stm32f1xx_hal_dma.o
                0x08000f10                HAL_DMA_Start_IT
 .text.HAL_DMA_Abort
                0x08000fd0       0x76 ./Drivers/STM32F1xx_HAL_Driver/Src/stm32f1xx_hal_dma.o
                0x08000fd0                HAL_DMA_Abort
 *fill*         0x08001046        0x2 
 .text.HAL_DMA_IRQHandler
                0x08001048      0x20c ./Drivers/STM32F1xx_HAL_Driver/Src/stm32f1xx_hal_dma.o
                0x08001048                HAL_DMA_IRQHandler
 .text.DMA_SetConfig
                0x08001254       0x5a ./Drivers/STM32F1xx_HAL_Driver/Src/stm32f1xx_hal_dma.o
 *fill*         0x080012ae        0x2 
 .text.HAL_GPIO_Init
                0x080012b0      0x308 ./Drivers/STM32F1xx_HAL_Driver/Src/stm32f1xx_hal_gpio.o
                0x080012b0                HAL_GPIO_Init
 .text.HAL_GPIO_ReadPin
                0x080015b8       0x2e ./Drivers/STM32F1xx_HAL_Driver/Src/stm32f1xx_hal_gpio.o
                0x080015b8                HAL_GPIO_ReadPin
 .text.HAL_GPIO_WritePin
                0x080015e6       0x30 ./Drivers/STM32F1xx_HAL_Driver/Src/stm32f1xx_hal_gpio.o
                0x080015e6                HAL_GPIO_WritePin
 .text.HAL_GPIO_TogglePin
                0x08001616       0x32 ./Drivers/STM32F1xx_HAL_Driver/Src/stm32f1xx_hal_gpio.o
                0x08001616                HAL_GPIO_TogglePin
 .text.HAL_RCC_OscConfig
                0x08001648      0x504 ./Drivers/STM32F1xx_HAL_Driver/Src/stm32f1xx_hal_rcc.o
                0x08001648                HAL_RCC_OscConfig
 .text.HAL_RCC_ClockConfig
                0x08001b4c      0x1d4 ./Drivers/STM32F1xx_HAL_Driver/Src/stm32f1xx_hal_rcc.o
                0x08001b4c                HAL_RCC_ClockConfig
 .text.HAL_RCC_GetSysClockFreq
                0x08001d20       0xa8 ./Drivers/STM32F1xx_HAL_Driver/Src/stm32f1xx_hal_rcc.o
                0x08001d20                HAL_RCC_GetSysClockFreq
 .text.RCC_Delay
                0x08001dc8       0x3c ./Drivers/STM32F1xx_HAL_Driver/Src/stm32f1xx_hal_rcc.o
 .text.HAL_SPI_Init
                0x08001e04      0x108 ./Drivers/STM32F1xx_HAL_Driver/Src/stm32f1xx_hal_spi.o
                0x08001e04                HAL_SPI_Init
 .text.HAL_SPI_TransmitReceive_DMA
                0x08001f0c      0x1f8 ./Drivers/STM32F1xx_HAL_Driver/Src/stm32f1xx_hal_spi.o
                0x08001f0c                HAL_SPI_TransmitReceive_DMA
 .text.HAL_SPI_DMAStop
                0x08002104       0x7e ./Drivers/STM32F1xx_HAL_Driver/Src/stm32f1xx_hal_spi.o
                0x08002104                HAL_SPI_DMAStop
 .text.HAL_SPI_RxCpltCallback
                0x08002182       0x12 ./Drivers/STM32F1xx_HAL_Driver/Src/stm32f1xx_hal_spi.o
                0x08002182                HAL_SPI_RxCpltCallback
 .text.HAL_SPI_RxHalfCpltCallback
                0x08002194       0x12 ./Drivers/STM32F1xx_HAL_Driver/Src/stm32f1xx_hal_spi.o
                0x08002194                HAL_SPI_RxHalfCpltCallback
 .text.HAL_SPI_TxRxHalfCpltCallback
                0x080021a6       0x12 ./Drivers/STM32F1xx_HAL_Driver/Src/stm32f1xx_hal_spi.o
                0x080021a6                HAL_SPI_TxRxHalfCpltCallback
 .text.SPI_DMAReceiveCplt
                0x080021b8       0xa6 ./Drivers/STM32F1xx_HAL_Driver/Src/stm32f1xx_hal_spi.o
 .text.SPI_DMATransmitReceiveCplt
                0x0800225e       0x8e ./Drivers/STM32F1xx_HAL_Driver/Src/stm32f1xx_hal_spi.o
 .text.SPI_DMAHalfReceiveCplt
                0x080022ec       0x1c ./Drivers/STM32F1xx_HAL_Driver/Src/stm32f1xx_hal_spi.o
 .text.SPI_DMAHalfTransmitReceiveCplt
                0x08002308       0x1c ./Drivers/STM32F1xx_HAL_Driver/Src/stm32f1xx_hal_spi.o
 .text.SPI_DMAError
                0x08002324       0x40 ./Drivers/STM32F1xx_HAL_Driver/Src/stm32f1xx_hal_spi.o
 .text.SPI_WaitFlagStateUntilTimeout
                0x08002364      0x110 ./Drivers/STM32F1xx_HAL_Driver/Src/stm32f1xx_hal_spi.o
 .text.SPI_EndRxTransaction
                0x08002474       0xa4 ./Drivers/STM32F1xx_HAL_Driver/Src/stm32f1xx_hal_spi.o
 .text.SPI_EndRxTxTransaction
                0x08002518       0x62 ./Drivers/STM32F1xx_HAL_Driver/Src/stm32f1xx_hal_spi.o
 .text.HAL_TIM_Base_Init
                0x0800257a       0x9e ./Drivers/STM32F1xx_HAL_Driver/Src/stm32f1xx_hal_tim.o
                0x0800257a                HAL_TIM_Base_Init
 .text.HAL_TIM_IC_Init
                0x08002618       0x9e ./Drivers/STM32F1xx_HAL_Driver/Src/stm32f1xx_hal_tim.o
                0x08002618                HAL_TIM_IC_Init
 .text.HAL_TIM_IC_MspInit
                0x080026b6       0x12 ./Drivers/STM32F1xx_HAL_Driver/Src/stm32f1xx_hal_tim.o
                0x080026b6                HAL_TIM_IC_MspInit
 .text.HAL_TIM_IC_Start_IT
                0x080026c8      0x218 ./Drivers/STM32F1xx_HAL_Driver/Src/stm32f1xx_hal_tim.o
                0x080026c8                HAL_TIM_IC_Start_IT
 .text.HAL_TIM_IRQHandler
                0x080028e0      0x1e0 ./Drivers/STM32F1xx_HAL_Driver/Src/stm32f1xx_hal_tim.o
                0x080028e0                HAL_TIM_IRQHandler
 .text.HAL_TIM_IC_ConfigChannel
                0x08002ac0      0x138 ./Drivers/STM32F1xx_HAL_Driver/Src/stm32f1xx_hal_tim.o
                0x08002ac0                HAL_TIM_IC_ConfigChannel
 .text.HAL_TIM_ConfigClockSource
                0x08002bf8      0x18e ./Drivers/STM32F1xx_HAL_Driver/Src/stm32f1xx_hal_tim.o
                0x08002bf8                HAL_TIM_ConfigClockSource
 .text.HAL_TIM_SlaveConfigSynchro
                0x08002d86       0x84 ./Drivers/STM32F1xx_HAL_Driver/Src/stm32f1xx_hal_tim.o
                0x08002d86                HAL_TIM_SlaveConfigSynchro
 *fill*         0x08002e0a        0x2 
 .text.HAL_TIM_ReadCapturedValue
                0x08002e0c       0x88 ./Drivers/STM32F1xx_HAL_Driver/Src/stm32f1xx_hal_tim.o
                0x08002e0c                HAL_TIM_ReadCapturedValue
 .text.HAL_TIM_PeriodElapsedCallback
                0x08002e94       0x12 ./Drivers/STM32F1xx_HAL_Driver/Src/stm32f1xx_hal_tim.o
                0x08002e94                HAL_TIM_PeriodElapsedCallback
 .text.HAL_TIM_OC_DelayElapsedCallback
                0x08002ea6       0x12 ./Drivers/STM32F1xx_HAL_Driver/Src/stm32f1xx_hal_tim.o
                0x08002ea6                HAL_TIM_OC_DelayElapsedCallback
 .text.HAL_TIM_PWM_PulseFinishedCallback
                0x08002eb8       0x12 ./Drivers/STM32F1xx_HAL_Driver/Src/stm32f1xx_hal_tim.o
                0x08002eb8                HAL_TIM_PWM_PulseFinishedCallback
 .text.HAL_TIM_TriggerCallback
                0x08002eca       0x12 ./Drivers/STM32F1xx_HAL_Driver/Src/stm32f1xx_hal_tim.o
                0x08002eca                HAL_TIM_TriggerCallback
 .text.TIM_Base_SetConfig
                0x08002edc       0xdc ./Drivers/STM32F1xx_HAL_Driver/Src/stm32f1xx_hal_tim.o
                0x08002edc                TIM_Base_SetConfig
 .text.TIM_SlaveTimer_SetConfig
                0x08002fb8      0x122 ./Drivers/STM32F1xx_HAL_Driver/Src/stm32f1xx_hal_tim.o
 *fill*         0x080030da        0x2 
 .text.TIM_TI1_SetConfig
                0x080030dc       0xb4 ./Drivers/STM32F1xx_HAL_Driver/Src/stm32f1xx_hal_tim.o
                0x080030dc                TIM_TI1_SetConfig
 .text.TIM_TI1_ConfigInputStage
                0x08003190       0x5c ./Drivers/STM32F1xx_HAL_Driver/Src/stm32f1xx_hal_tim.o
 .text.TIM_TI2_SetConfig
                0x080031ec       0x78 ./Drivers/STM32F1xx_HAL_Driver/Src/stm32f1xx_hal_tim.o
 .text.TIM_TI2_ConfigInputStage
                0x08003264       0x5e ./Drivers/STM32F1xx_HAL_Driver/Src/stm32f1xx_hal_tim.o
 .text.TIM_TI3_SetConfig
                0x080032c2       0x76 ./Drivers/STM32F1xx_HAL_Driver/Src/stm32f1xx_hal_tim.o
 .text.TIM_TI4_SetConfig
                0x08003338       0x78 ./Drivers/STM32F1xx_HAL_Driver/Src/stm32f1xx_hal_tim.o
 .text.TIM_ITRx_SetConfig
                0x080033b0       0x34 ./Drivers/STM32F1xx_HAL_Driver/Src/stm32f1xx_hal_tim.o
 .text.TIM_ETR_SetConfig
                0x080033e4       0x3e ./Drivers/STM32F1xx_HAL_Driver/Src/stm32f1xx_hal_tim.o
                0x080033e4                TIM_ETR_SetConfig
 .text.TIM_CCxChannelCmd
                0x08003422       0x48 ./Drivers/STM32F1xx_HAL_Driver/Src/stm32f1xx_hal_tim.o
                0x08003422                TIM_CCxChannelCmd
 *fill*         0x0800346a        0x2 
 .text.HAL_TIMEx_MasterConfigSynchronization
                0x0800346c       0xbc ./Drivers/STM32F1xx_HAL_Driver/Src/stm32f1xx_hal_tim_ex.o
                0x0800346c                HAL_TIMEx_MasterConfigSynchronization
 .text.HAL_TIMEx_CommutCallback
                0x08003528       0x12 ./Drivers/STM32F1xx_HAL_Driver/Src/stm32f1xx_hal_tim_ex.o
                0x08003528                HAL_TIMEx_CommutCallback
 .text.HAL_TIMEx_BreakCallback
                0x0800353a       0x12 ./Drivers/STM32F1xx_HAL_Driver/Src/stm32f1xx_hal_tim_ex.o
                0x0800353a                HAL_TIMEx_BreakCallback
 .text.memset   0x0800354c       0x10 C:/ST/STM32CubeIDE_1.18.1/STM32CubeIDE/plugins/com.st.stm32cube.ide.mcu.externaltools.gnu-tools-for-stm32.13.3.rel1.win32_1.0.0.202411081344/tools/bin/../lib/gcc/arm-none-eabi/13.3.1/../../../../arm-none-eabi/lib/thumb/v7-m/nofp\libc_nano.a(libc_a-memset.o)
                0x0800354c                memset
 .text.__libc_init_array
                0x0800355c       0x48 C:/ST/STM32CubeIDE_1.18.1/STM32CubeIDE/plugins/com.st.stm32cube.ide.mcu.externaltools.gnu-tools-for-stm32.13.3.rel1.win32_1.0.0.202411081344/tools/bin/../lib/gcc/arm-none-eabi/13.3.1/../../../../arm-none-eabi/lib/thumb/v7-m/nofp\libc_nano.a(libc_a-init.o)
                0x0800355c                __libc_init_array
 *(.glue_7)
 .glue_7        0x080035a4        0x0 linker stubs
 *(.glue_7t)
 .glue_7t       0x080035a4        0x0 linker stubs
 *(.eh_frame)
 .eh_frame      0x080035a4        0x0 C:/ST/STM32CubeIDE_1.18.1/STM32CubeIDE/plugins/com.st.stm32cube.ide.mcu.externaltools.gnu-tools-for-stm32.13.3.rel1.win32_1.0.0.202411081344/tools/bin/../lib/gcc/arm-none-eabi/13.3.1/thumb/v7-m/nofp/crtbegin.o
 *(.init)
 .init          0x080035a4        0x4 C:/ST/STM32CubeIDE_1.18.1/STM32CubeIDE/plugins/com.st.stm32cube.ide.mcu.externaltools.gnu-tools-for-stm32.13.3.rel1.win32_1.0.0.202411081344/tools/bin/../lib/gcc/arm-none-eabi/13.3.1/thumb/v7-m/nofp/crti.o
                0x080035a4                _init
 .init          0x080035a8        0x8 C:/ST/STM32CubeIDE_1.18.1/STM32CubeIDE/plugins/com.st.stm32cube.ide.mcu.externaltools.gnu-tools-for-stm32.13.3.rel1.win32_1.0.0.202411081344/tools/bin/../lib/gcc/arm-none-eabi/13.3.1/thumb/v7-m/nofp/crtn.o
 *(.fini)
 .fini          0x080035b0        0x4 C:/ST/STM32CubeIDE_1.18.1/STM32CubeIDE/plugins/com.st.stm32cube.ide.mcu.externaltools.gnu-tools-for-stm32.13.3.rel1.win32_1.0.0.202411081344/tools/bin/../lib/gcc/arm-none-eabi/13.3.1/thumb/v7-m/nofp/crti.o
                0x080035b0                _fini
 .fini          0x080035b4        0x8 C:/ST/STM32CubeIDE_1.18.1/STM32CubeIDE/plugins/com.st.stm32cube.ide.mcu.externaltools.gnu-tools-for-stm32.13.3.rel1.win32_1.0.0.202411081344/tools/bin/../lib/gcc/arm-none-eabi/13.3.1/thumb/v7-m/nofp/crtn.o
                0x080035bc                        . = ALIGN (0x4)
                0x080035bc                        _etext = .

.vfp11_veneer   0x080035bc        0x0
 .vfp11_veneer  0x080035bc        0x0 linker stubs

.v4_bx          0x080035bc        0x0
 .v4_bx         0x080035bc        0x0 linker stubs

.iplt           0x080035bc        0x0
 .iplt          0x080035bc        0x0 C:/ST/STM32CubeIDE_1.18.1/STM32CubeIDE/plugins/com.st.stm32cube.ide.mcu.externaltools.gnu-tools-for-stm32.13.3.rel1.win32_1.0.0.202411081344/tools/bin/../lib/gcc/arm-none-eabi/13.3.1/thumb/v7-m/nofp/crtbegin.o

.rodata         0x080035bc       0x24
                0x080035bc                        . = ALIGN (0x4)
 *(.rodata)
 *(.rodata*)
 .rodata.AHBPrescTable
                0x080035bc       0x10 ./Core/Src/system_stm32f1xx.o
                0x080035bc                AHBPrescTable
 .rodata.aPLLMULFactorTable.1
                0x080035cc       0x10 ./Drivers/STM32F1xx_HAL_Driver/Src/stm32f1xx_hal_rcc.o
 .rodata.aPredivFactorTable.0
                0x080035dc        0x2 ./Drivers/STM32F1xx_HAL_Driver/Src/stm32f1xx_hal_rcc.o
                0x080035e0                        . = ALIGN (0x4)
 *fill*         0x080035de        0x2 

.ARM.extab      0x080035e0        0x0
                0x080035e0                        . = ALIGN (0x4)
 *(.ARM.extab* .gnu.linkonce.armextab.*)
                0x080035e0                        . = ALIGN (0x4)

.ARM            0x080035e0        0x0
                0x080035e0                        . = ALIGN (0x4)
                0x080035e0                        __exidx_start = .
 *(.ARM.exidx*)
                0x080035e0                        __exidx_end = .
                0x080035e0                        . = ALIGN (0x4)

.preinit_array  0x080035e0        0x0
                0x080035e0                        . = ALIGN (0x4)
                0x080035e0                        PROVIDE (__preinit_array_start = .)
 *(.preinit_array*)
                0x080035e0                        PROVIDE (__preinit_array_end = .)
                0x080035e0                        . = ALIGN (0x4)

.init_array     0x080035e0        0x4
                0x080035e0                        . = ALIGN (0x4)
                0x080035e0                        PROVIDE (__init_array_start = .)
 *(SORT_BY_NAME(.init_array.*))
 *(.init_array*)
 .init_array    0x080035e0        0x4 C:/ST/STM32CubeIDE_1.18.1/STM32CubeIDE/plugins/com.st.stm32cube.ide.mcu.externaltools.gnu-tools-for-stm32.13.3.rel1.win32_1.0.0.202411081344/tools/bin/../lib/gcc/arm-none-eabi/13.3.1/thumb/v7-m/nofp/crtbegin.o
                0x080035e4                        PROVIDE (__init_array_end = .)
                0x080035e4                        . = ALIGN (0x4)

.fini_array     0x080035e4        0x4
                0x080035e4                        . = ALIGN (0x4)
                [!provide]                        PROVIDE (__fini_array_start = .)
 *(SORT_BY_NAME(.fini_array.*))
 *(.fini_array*)
 .fini_array    0x080035e4        0x4 C:/ST/STM32CubeIDE_1.18.1/STM32CubeIDE/plugins/com.st.stm32cube.ide.mcu.externaltools.gnu-tools-for-stm32.13.3.rel1.win32_1.0.0.202411081344/tools/bin/../lib/gcc/arm-none-eabi/13.3.1/thumb/v7-m/nofp/crtbegin.o
                [!provide]                        PROVIDE (__fini_array_end = .)
                0x080035e8                        . = ALIGN (0x4)
                0x080035e8                        _sidata = LOADADDR (.data)

.rel.dyn        0x080035e8        0x0
 .rel.iplt      0x080035e8        0x0 C:/ST/STM32CubeIDE_1.18.1/STM32CubeIDE/plugins/com.st.stm32cube.ide.mcu.externaltools.gnu-tools-for-stm32.13.3.rel1.win32_1.0.0.202411081344/tools/bin/../lib/gcc/arm-none-eabi/13.3.1/thumb/v7-m/nofp/crtbegin.o

.data           0x20000000        0xc load address 0x080035e8
                0x20000000                        . = ALIGN (0x4)
                0x20000000                        _sdata = .
 *(.data)
 *(.data*)
 .data.SystemCoreClock
                0x20000000        0x4 ./Core/Src/system_stm32f1xx.o
                0x20000000                SystemCoreClock
 .data.uwTickPrio
                0x20000004        0x4 ./Drivers/STM32F1xx_HAL_Driver/Src/stm32f1xx_hal.o
                0x20000004                uwTickPrio
 .data.uwTickFreq
                0x20000008        0x1 ./Drivers/STM32F1xx_HAL_Driver/Src/stm32f1xx_hal.o
                0x20000008                uwTickFreq
 *(.RamFunc)
 *(.RamFunc*)
                0x2000000c                        . = ALIGN (0x4)
 *fill*         0x20000009        0x3 
                0x2000000c                        _edata = .

.igot.plt       0x2000000c        0x0 load address 0x080035f4
 .igot.plt      0x2000000c        0x0 C:/ST/STM32CubeIDE_1.18.1/STM32CubeIDE/plugins/com.st.stm32cube.ide.mcu.externaltools.gnu-tools-for-stm32.13.3.rel1.win32_1.0.0.202411081344/tools/bin/../lib/gcc/arm-none-eabi/13.3.1/thumb/v7-m/nofp/crtbegin.o
                0x2000000c                        . = ALIGN (0x4)

.bss            0x2000000c      0x164 load address 0x080035f4
                0x2000000c                        _sbss = .
                0x2000000c                        __bss_start__ = _sbss
 *(.bss)
 .bss           0x2000000c       0x1c C:/ST/STM32CubeIDE_1.18.1/STM32CubeIDE/plugins/com.st.stm32cube.ide.mcu.externaltools.gnu-tools-for-stm32.13.3.rel1.win32_1.0.0.202411081344/tools/bin/../lib/gcc/arm-none-eabi/13.3.1/thumb/v7-m/nofp/crtbegin.o
 *(.bss*)
 .bss.hspi1     0x20000028       0x58 ./Core/Src/main.o
                0x20000028                hspi1
 .bss.hdma_spi1_tx
                0x20000080       0x44 ./Core/Src/main.o
                0x20000080                hdma_spi1_tx
 .bss.hdma_spi1_rx
                0x200000c4       0x44 ./Core/Src/main.o
                0x200000c4                hdma_spi1_rx
 .bss.htim4     0x20000108       0x48 ./Core/Src/main.o
                0x20000108                htim4
 .bss.tx_buf    0x20000150        0x8 ./Core/Src/main.o
 .bss.rx_buf    0x20000158        0x8 ./Core/Src/main.o
 .bss.g_seq     0x20000160        0x1 ./Core/Src/main.o
 *fill*         0x20000161        0x1 
 .bss.g_distance
                0x20000162        0x2 ./Core/Src/main.o
                0x20000162                g_distance
 .bss.g_new_data_ready
                0x20000164        0x1 ./Core/Src/main.o
                0x20000164                g_new_data_ready
 *fill*         0x20000165        0x3 
 .bss.last_trig_tick
                0x20000168        0x4 ./Core/Src/main.o
                0x20000168                last_trig_tick
 .bss.uwTick    0x2000016c        0x4 ./Drivers/STM32F1xx_HAL_Driver/Src/stm32f1xx_hal.o
                0x2000016c                uwTick
 *(COMMON)
                0x20000170                        . = ALIGN (0x4)
                0x20000170                        _ebss = .
                0x20000170                        __bss_end__ = _ebss

._user_heap_stack
                0x20000170      0x600 load address 0x080035f4
                0x20000170                        . = ALIGN (0x8)
                [!provide]                        PROVIDE (end = .)
                0x20000170                        PROVIDE (_end = .)
                0x20000370                        . = (. + _Min_Heap_Size)
 *fill*         0x20000170      0x200 
                0x20000770                        . = (. + _Min_Stack_Size)
 *fill*         0x20000370      0x400 
                0x20000770                        . = ALIGN (0x8)

/DISCARD/
 libc.a(*)
 libm.a(*)
 libgcc.a(*)

.ARM.attributes
                0x00000000       0x29
 *(.ARM.attributes)
 .ARM.attributes
                0x00000000       0x1d C:/ST/STM32CubeIDE_1.18.1/STM32CubeIDE/plugins/com.st.stm32cube.ide.mcu.externaltools.gnu-tools-for-stm32.13.3.rel1.win32_1.0.0.202411081344/tools/bin/../lib/gcc/arm-none-eabi/13.3.1/thumb/v7-m/nofp/crti.o
 .ARM.attributes
                0x0000001d       0x2d C:/ST/STM32CubeIDE_1.18.1/STM32CubeIDE/plugins/com.st.stm32cube.ide.mcu.externaltools.gnu-tools-for-stm32.13.3.rel1.win32_1.0.0.202411081344/tools/bin/../lib/gcc/arm-none-eabi/13.3.1/thumb/v7-m/nofp/crtbegin.o
 .ARM.attributes
                0x0000004a       0x2d ./Core/Src/main.o
 .ARM.attributes
                0x00000077       0x2d ./Core/Src/stm32f1xx_hal_msp.o
 .ARM.attributes
                0x000000a4       0x2d ./Core/Src/stm32f1xx_it.o
 .ARM.attributes
                0x000000d1       0x2d ./Core/Src/system_stm32f1xx.o
 .ARM.attributes
                0x000000fe       0x21 ./Core/Startup/startup_stm32f103c8tx.o
 .ARM.attributes
                0x0000011f       0x2d ./Drivers/STM32F1xx_HAL_Driver/Src/stm32f1xx_hal.o
 .ARM.attributes
                0x0000014c       0x2d ./Drivers/STM32F1xx_HAL_Driver/Src/stm32f1xx_hal_cortex.o
 .ARM.attributes
                0x00000179       0x2d ./Drivers/STM32F1xx_HAL_Driver/Src/stm32f1xx_hal_dma.o
 .ARM.attributes
                0x000001a6       0x2d ./Drivers/STM32F1xx_HAL_Driver/Src/stm32f1xx_hal_gpio.o
 .ARM.attributes
                0x000001d3       0x2d ./Drivers/STM32F1xx_HAL_Driver/Src/stm32f1xx_hal_rcc.o
 .ARM.attributes
                0x00000200       0x2d ./Drivers/STM32F1xx_HAL_Driver/Src/stm32f1xx_hal_spi.o
 .ARM.attributes
                0x0000022d       0x2d ./Drivers/STM32F1xx_HAL_Driver/Src/stm32f1xx_hal_tim.o
 .ARM.attributes
                0x0000025a       0x2d ./Drivers/STM32F1xx_HAL_Driver/Src/stm32f1xx_hal_tim_ex.o
 .ARM.attributes
                0x00000287       0x2d C:/ST/STM32CubeIDE_1.18.1/STM32CubeIDE/plugins/com.st.stm32cube.ide.mcu.externaltools.gnu-tools-for-stm32.13.3.rel1.win32_1.0.0.202411081344/tools/bin/../lib/gcc/arm-none-eabi/13.3.1/../../../../arm-none-eabi/lib/thumb/v7-m/nofp\libc_nano.a(libc_a-memset.o)
 .ARM.attributes
                0x000002b4       0x2d C:/ST/STM32CubeIDE_1.18.1/STM32CubeIDE/plugins/com.st.stm32cube.ide.mcu.externaltools.gnu-tools-for-stm32.13.3.rel1.win32_1.0.0.202411081344/tools/bin/../lib/gcc/arm-none-eabi/13.3.1/../../../../arm-none-eabi/lib/thumb/v7-m/nofp\libc_nano.a(libc_a-init.o)
 .ARM.attributes
                0x000002e1       0x1d C:/ST/STM32CubeIDE_1.18.1/STM32CubeIDE/plugins/com.st.stm32cube.ide.mcu.externaltools.gnu-tools-for-stm32.13.3.rel1.win32_1.0.0.202411081344/tools/bin/../lib/gcc/arm-none-eabi/13.3.1/thumb/v7-m/nofp/crtn.o
OUTPUT(Zone1_ULTRASONIC.elf elf32-littlearm)
LOAD linker stubs
LOAD C:/ST/STM32CubeIDE_1.18.1/STM32CubeIDE/plugins/com.st.stm32cube.ide.mcu.externaltools.gnu-tools-for-stm32.13.3.rel1.win32_1.0.0.202411081344/tools/bin/../lib/gcc/arm-none-eabi/13.3.1/../../../../arm-none-eabi/lib/thumb/v7-m/nofp\libc.a
LOAD C:/ST/STM32CubeIDE_1.18.1/STM32CubeIDE/plugins/com.st.stm32cube.ide.mcu.externaltools.gnu-tools-for-stm32.13.3.rel1.win32_1.0.0.202411081344/tools/bin/../lib/gcc/arm-none-eabi/13.3.1/../../../../arm-none-eabi/lib/thumb/v7-m/nofp\libm.a
LOAD C:/ST/STM32CubeIDE_1.18.1/STM32CubeIDE/plugins/com.st.stm32cube.ide.mcu.externaltools.gnu-tools-for-stm32.13.3.rel1.win32_1.0.0.202411081344/tools/bin/../lib/gcc/arm-none-eabi/13.3.1/thumb/v7-m/nofp\libgcc.a

.debug_info     0x00000000     0xa5a0
 .debug_info    0x00000000     0x1674 ./Core/Src/main.o
 .debug_info    0x00001674      0xdf8 ./Core/Src/stm32f1xx_hal_msp.o
 .debug_info    0x0000246c      0x6e4 ./Core/Src/stm32f1xx_it.o
 .debug_info    0x00002b50      0x222 ./Core/Src/system_stm32f1xx.o
 .debug_info    0x00002d72       0x30 ./Core/Startup/startup_stm32f103c8tx.o
 .debug_info    0x00002da2      0x704 ./Drivers/STM32F1xx_HAL_Driver/Src/stm32f1xx_hal.o
 .debug_info    0x000034a6      0xa87 ./Drivers/STM32F1xx_HAL_Driver/Src/stm32f1xx_hal_cortex.o
 .debug_info    0x00003f2d      0x6d2 ./Drivers/STM32F1xx_HAL_Driver/Src/stm32f1xx_hal_dma.o
 .debug_info    0x000045ff      0x5ab ./Drivers/STM32F1xx_HAL_Driver/Src/stm32f1xx_hal_gpio.o
 .debug_info    0x00004baa      0x7d5 ./Drivers/STM32F1xx_HAL_Driver/Src/stm32f1xx_hal_rcc.o
 .debug_info    0x0000537f     0x142d ./Drivers/STM32F1xx_HAL_Driver/Src/stm32f1xx_hal_spi.o
 .debug_info    0x000067ac     0x2959 ./Drivers/STM32F1xx_HAL_Driver/Src/stm32f1xx_hal_tim.o
 .debug_info    0x00009105     0x149b ./Drivers/STM32F1xx_HAL_Driver/Src/stm32f1xx_hal_tim_ex.o

.debug_abbrev   0x00000000     0x1ba3
 .debug_abbrev  0x00000000      0x399 ./Core/Src/main.o
 .debug_abbrev  0x00000399      0x21f ./Core/Src/stm32f1xx_hal_msp.o
 .debug_abbrev  0x000005b8      0x194 ./Core/Src/stm32f1xx_it.o
 .debug_abbrev  0x0000074c      0x13f ./Core/Src/system_stm32f1xx.o
 .debug_abbrev  0x0000088b       0x24 ./Core/Startup/startup_stm32f103c8tx.o
 .debug_abbrev  0x000008af      0x201 ./Drivers/STM32F1xx_HAL_Driver/Src/stm32f1xx_hal.o
 .debug_abbrev  0x00000ab0      0x2f8 ./Drivers/STM32F1xx_HAL_Driver/Src/stm32f1xx_hal_cortex.o
 .debug_abbrev  0x00000da8      0x20b ./Drivers/STM32F1xx_HAL_Driver/Src/stm32f1xx_hal_dma.o
 .debug_abbrev  0x00000fb3      0x1ca ./Drivers/STM32F1xx_HAL_Driver/Src/stm32f1xx_hal_gpio.o
 .debug_abbrev  0x0000117d      0x2b3 ./Drivers/STM32F1xx_HAL_Driver/Src/stm32f1xx_hal_rcc.o
 .debug_abbrev  0x00001430      0x27a ./Drivers/STM32F1xx_HAL_Driver/Src/stm32f1xx_hal_spi.o
 .debug_abbrev  0x000016aa      0x277 ./Drivers/STM32F1xx_HAL_Driver/Src/stm32f1xx_hal_tim.o
 .debug_abbrev  0x00001921      0x282 ./Drivers/STM32F1xx_HAL_Driver/Src/stm32f1xx_hal_tim_ex.o

.debug_aranges  0x00000000      0xbe8
 .debug_aranges
                0x00000000       0x90 ./Core/Src/main.o
 .debug_aranges
                0x00000090       0x40 ./Core/Src/stm32f1xx_hal_msp.o
 .debug_aranges
                0x000000d0       0x78 ./Core/Src/stm32f1xx_it.o
 .debug_aranges
                0x00000148       0x28 ./Core/Src/system_stm32f1xx.o
 .debug_aranges
                0x00000170       0x28 ./Core/Startup/startup_stm32f103c8tx.o
 .debug_aranges
                0x00000198       0xe0 ./Drivers/STM32F1xx_HAL_Driver/Src/stm32f1xx_hal.o
 .debug_aranges
                0x00000278      0x100 ./Drivers/STM32F1xx_HAL_Driver/Src/stm32f1xx_hal_cortex.o
 .debug_aranges
                0x00000378       0x80 ./Drivers/STM32F1xx_HAL_Driver/Src/stm32f1xx_hal_dma.o
 .debug_aranges
                0x000003f8       0x58 ./Drivers/STM32F1xx_HAL_Driver/Src/stm32f1xx_hal_gpio.o
 .debug_aranges
                0x00000450       0x90 ./Drivers/STM32F1xx_HAL_Driver/Src/stm32f1xx_hal_rcc.o
 .debug_aranges
                0x000004e0      0x1d0 ./Drivers/STM32F1xx_HAL_Driver/Src/stm32f1xx_hal_spi.o
 .debug_aranges
                0x000006b0      0x3d0 ./Drivers/STM32F1xx_HAL_Driver/Src/stm32f1xx_hal_tim.o
 .debug_aranges
                0x00000a80      0x168 ./Drivers/STM32F1xx_HAL_Driver/Src/stm32f1xx_hal_tim_ex.o

.debug_rnglists
                0x00000000      0x93b
 .debug_rnglists
                0x00000000       0x6c ./Core/Src/main.o
 .debug_rnglists
                0x0000006c       0x2d ./Core/Src/stm32f1xx_hal_msp.o
 .debug_rnglists
                0x00000099       0x55 ./Core/Src/stm32f1xx_it.o
 .debug_rnglists
                0x000000ee       0x1a ./Core/Src/system_stm32f1xx.o
 .debug_rnglists
                0x00000108       0x19 ./Core/Startup/startup_stm32f103c8tx.o
 .debug_rnglists
                0x00000121       0xa3 ./Drivers/STM32F1xx_HAL_Driver/Src/stm32f1xx_hal.o
 .debug_rnglists
                0x000001c4       0xbb ./Drivers/STM32F1xx_HAL_Driver/Src/stm32f1xx_hal_cortex.o
 .debug_rnglists
                0x0000027f       0x64 ./Drivers/STM32F1xx_HAL_Driver/Src/stm32f1xx_hal_dma.o
 .debug_rnglists
                0x000002e3       0x3f ./Drivers/STM32F1xx_HAL_Driver/Src/stm32f1xx_hal_gpio.o
 .debug_rnglists
                0x00000322       0x6c ./Drivers/STM32F1xx_HAL_Driver/Src/stm32f1xx_hal_rcc.o
 .debug_rnglists
                0x0000038e      0x16e ./Drivers/STM32F1xx_HAL_Driver/Src/stm32f1xx_hal_spi.o
 .debug_rnglists
                0x000004fc      0x31a ./Drivers/STM32F1xx_HAL_Driver/Src/stm32f1xx_hal_tim.o
 .debug_rnglists
                0x00000816      0x125 ./Drivers/STM32F1xx_HAL_Driver/Src/stm32f1xx_hal_tim_ex.o

.debug_macro    0x00000000    0x17534
 .debug_macro   0x00000000      0x28f ./Core/Src/main.o
 .debug_macro   0x0000028f      0xacc ./Core/Src/main.o
 .debug_macro   0x00000d5b      0x221 ./Core/Src/main.o
 .debug_macro   0x00000f7c       0x2e ./Core/Src/main.o
 .debug_macro   0x00000faa       0x22 ./Core/Src/main.o
 .debug_macro   0x00000fcc       0x22 ./Core/Src/main.o
 .debug_macro   0x00000fee       0x8e ./Core/Src/main.o
 .debug_macro   0x0000107c       0x51 ./Core/Src/main.o
 .debug_macro   0x000010cd      0x103 ./Core/Src/main.o
 .debug_macro   0x000011d0       0x6a ./Core/Src/main.o
 .debug_macro   0x0000123a      0x1df ./Core/Src/main.o
 .debug_macro   0x00001419       0x1c ./Core/Src/main.o
 .debug_macro   0x00001435       0x22 ./Core/Src/main.o
 .debug_macro   0x00001457       0xbd ./Core/Src/main.o
 .debug_macro   0x00001514      0xd23 ./Core/Src/main.o
 .debug_macro   0x00002237     0xe09e ./Core/Src/main.o
 .debug_macro   0x000102d5       0x6d ./Core/Src/main.o
 .debug_macro   0x00010342     0x34a2 ./Core/Src/main.o
 .debug_macro   0x000137e4      0x190 ./Core/Src/main.o
 .debug_macro   0x00013974       0x5c ./Core/Src/main.o
 .debug_macro   0x000139d0      0x5bc ./Core/Src/main.o
 .debug_macro   0x00013f8c      0x289 ./Core/Src/main.o
 .debug_macro   0x00014215      0x1cb ./Core/Src/main.o
 .debug_macro   0x000143e0      0x114 ./Core/Src/main.o
 .debug_macro   0x000144f4      0x1b2 ./Core/Src/main.o
 .debug_macro   0x000146a6       0x27 ./Core/Src/main.o
 .debug_macro   0x000146cd      0x136 ./Core/Src/main.o
 .debug_macro   0x00014803      0x1bc ./Core/Src/main.o
 .debug_macro   0x000149bf       0x34 ./Core/Src/main.o
 .debug_macro   0x000149f3       0x3c ./Core/Src/main.o
 .debug_macro   0x00014a2f       0x57 ./Core/Src/main.o
 .debug_macro   0x00014a86       0x87 ./Core/Src/main.o
 .debug_macro   0x00014b0d      0x240 ./Core/Src/main.o
 .debug_macro   0x00014d4d      0x140 ./Core/Src/main.o
 .debug_macro   0x00014e8d      0x217 ./Core/Src/main.o
 .debug_macro   0x000150a4      0x8ed ./Core/Src/main.o
 .debug_macro   0x00015991       0x83 ./Core/Src/main.o
 .debug_macro   0x00015a14       0x28 ./Core/Src/main.o
 .debug_macro   0x00015a3c       0x61 ./Core/Src/main.o
 .debug_macro   0x00015a9d       0x24 ./Core/Src/main.o
 .debug_macro   0x00015ac1       0x43 ./Core/Src/main.o
 .debug_macro   0x00015b04       0x34 ./Core/Src/main.o
 .debug_macro   0x00015b38      0x370 ./Core/Src/main.o
 .debug_macro   0x00015ea8       0x16 ./Core/Src/main.o
 .debug_macro   0x00015ebe       0x4a ./Core/Src/main.o
 .debug_macro   0x00015f08       0x34 ./Core/Src/main.o
 .debug_macro   0x00015f3c       0x10 ./Core/Src/main.o
 .debug_macro   0x00015f4c       0x58 ./Core/Src/main.o
 .debug_macro   0x00015fa4       0x8e ./Core/Src/main.o
 .debug_macro   0x00016032       0x1c ./Core/Src/main.o
 .debug_macro   0x0001604e      0x185 ./Core/Src/main.o
 .debug_macro   0x000161d3       0x10 ./Core/Src/main.o
 .debug_macro   0x000161e3       0x3c ./Core/Src/main.o
 .debug_macro   0x0001621f       0x20 ./Core/Src/main.o
 .debug_macro   0x0001623f       0x22 ./Core/Src/main.o
 .debug_macro   0x00016261      0x1b2 ./Core/Src/stm32f1xx_hal_msp.o
 .debug_macro   0x00016413      0x1bc ./Core/Src/stm32f1xx_it.o
 .debug_macro   0x000165cf      0x1a3 ./Core/Src/system_stm32f1xx.o
 .debug_macro   0x00016772      0x1c7 ./Drivers/STM32F1xx_HAL_Driver/Src/stm32f1xx_hal.o
 .debug_macro   0x00016939      0x1a3 ./Drivers/STM32F1xx_HAL_Driver/Src/stm32f1xx_hal_cortex.o
 .debug_macro   0x00016adc      0x1a3 ./Drivers/STM32F1xx_HAL_Driver/Src/stm32f1xx_hal_dma.o
 .debug_macro   0x00016c7f      0x20e ./Drivers/STM32F1xx_HAL_Driver/Src/stm32f1xx_hal_gpio.o
 .debug_macro   0x00016e8d      0x1b5 ./Drivers/STM32F1xx_HAL_Driver/Src/stm32f1xx_hal_rcc.o
 .debug_macro   0x00017042      0x1ab ./Drivers/STM32F1xx_HAL_Driver/Src/stm32f1xx_hal_spi.o
 .debug_macro   0x000171ed      0x1a4 ./Drivers/STM32F1xx_HAL_Driver/Src/stm32f1xx_hal_tim.o
 .debug_macro   0x00017391      0x1a3 ./Drivers/STM32F1xx_HAL_Driver/Src/stm32f1xx_hal_tim_ex.o

.debug_line     0x00000000     0xc868
 .debug_line    0x00000000      0xc11 ./Core/Src/main.o
 .debug_line    0x00000c11      0x7e8 ./Core/Src/stm32f1xx_hal_msp.o
 .debug_line    0x000013f9      0x7f2 ./Core/Src/stm32f1xx_it.o
 .debug_line    0x00001beb      0x77a ./Core/Src/system_stm32f1xx.o
 .debug_line    0x00002365       0x78 ./Core/Startup/startup_stm32f103c8tx.o
 .debug_line    0x000023dd      0x9ab ./Drivers/STM32F1xx_HAL_Driver/Src/stm32f1xx_hal.o
 .debug_line    0x00002d88      0xb75 ./Drivers/STM32F1xx_HAL_Driver/Src/stm32f1xx_hal_cortex.o
 .debug_line    0x000038fd      0xdb5 ./Drivers/STM32F1xx_HAL_Driver/Src/stm32f1xx_hal_dma.o
 .debug_line    0x000046b2      0xa08 ./Drivers/STM32F1xx_HAL_Driver/Src/stm32f1xx_hal_gpio.o
 .debug_line    0x000050ba      0xe64 ./Drivers/STM32F1xx_HAL_Driver/Src/stm32f1xx_hal_rcc.o
 .debug_line    0x00005f1e     0x1c42 ./Drivers/STM32F1xx_HAL_Driver/Src/stm32f1xx_hal_spi.o
 .debug_line    0x00007b60     0x3499 ./Drivers/STM32F1xx_HAL_Driver/Src/stm32f1xx_hal_tim.o
 .debug_line    0x0000aff9     0x186f ./Drivers/STM32F1xx_HAL_Driver/Src/stm32f1xx_hal_tim_ex.o

.debug_str      0x00000000    0x89438
 .debug_str     0x00000000    0x89438 ./Core/Src/main.o
                              0x8730b (size before relaxing)
 .debug_str     0x00089438    0x83aeb ./Core/Src/stm32f1xx_hal_msp.o
 .debug_str     0x00089438    0x8354b ./Core/Src/stm32f1xx_it.o
 .debug_str     0x00089438    0x82f97 ./Core/Src/system_stm32f1xx.o
 .debug_str     0x00089438       0x7f ./Core/Startup/startup_stm32f103c8tx.o
 .debug_str     0x00089438    0x836ca ./Drivers/STM32F1xx_HAL_Driver/Src/stm32f1xx_hal.o
 .debug_str     0x00089438    0x83616 ./Drivers/STM32F1xx_HAL_Driver/Src/stm32f1xx_hal_cortex.o
 .debug_str     0x00089438    0x83340 ./Drivers/STM32F1xx_HAL_Driver/Src/stm32f1xx_hal_dma.o
 .debug_str     0x00089438    0x8331d ./Drivers/STM32F1xx_HAL_Driver/Src/stm32f1xx_hal_gpio.o
 .debug_str     0x00089438    0x833c6 ./Drivers/STM32F1xx_HAL_Driver/Src/stm32f1xx_hal_rcc.o
 .debug_str     0x00089438    0x838bd ./Drivers/STM32F1xx_HAL_Driver/Src/stm32f1xx_hal_spi.o
 .debug_str     0x00089438    0x843c8 ./Drivers/STM32F1xx_HAL_Driver/Src/stm32f1xx_hal_tim.o
 .debug_str     0x00089438    0x83bd4 ./Drivers/STM32F1xx_HAL_Driver/Src/stm32f1xx_hal_tim_ex.o

.comment        0x00000000       0x43
 .comment       0x00000000       0x43 ./Core/Src/main.o
                                 0x44 (size before relaxing)
 .comment       0x00000043       0x44 ./Core/Src/stm32f1xx_hal_msp.o
 .comment       0x00000043       0x44 ./Core/Src/stm32f1xx_it.o
 .comment       0x00000043       0x44 ./Core/Src/system_stm32f1xx.o
 .comment       0x00000043       0x44 ./Drivers/STM32F1xx_HAL_Driver/Src/stm32f1xx_hal.o
 .comment       0x00000043       0x44 ./Drivers/STM32F1xx_HAL_Driver/Src/stm32f1xx_hal_cortex.o
 .comment       0x00000043       0x44 ./Drivers/STM32F1xx_HAL_Driver/Src/stm32f1xx_hal_dma.o
 .comment       0x00000043       0x44 ./Drivers/STM32F1xx_HAL_Driver/Src/stm32f1xx_hal_gpio.o
 .comment       0x00000043       0x44 ./Drivers/STM32F1xx_HAL_Driver/Src/stm32f1xx_hal_rcc.o
 .comment       0x00000043       0x44 ./Drivers/STM32F1xx_HAL_Driver/Src/stm32f1xx_hal_spi.o
 .comment       0x00000043       0x44 ./Drivers/STM32F1xx_HAL_Driver/Src/stm32f1xx_hal_tim.o
 .comment       0x00000043       0x44 ./Drivers/STM32F1xx_HAL_Driver/Src/stm32f1xx_hal_tim_ex.o

.debug_frame    0x00000000     0x31b0
 .debug_frame   0x00000000      0x210 ./Core/Src/main.o
 .debug_frame   0x00000210       0xc8 ./Core/Src/stm32f1xx_hal_msp.o
 .debug_frame   0x000002d8      0x158 ./Core/Src/stm32f1xx_it.o
 .debug_frame   0x00000430       0x58 ./Core/Src/system_stm32f1xx.o
 .debug_frame   0x00000488      0x334 ./Drivers/STM32F1xx_HAL_Driver/Src/stm32f1xx_hal.o
 .debug_frame   0x000007bc      0x428 ./Drivers/STM32F1xx_HAL_Driver/Src/stm32f1xx_hal_cortex.o
 .debug_frame   0x00000be4      0x208 ./Drivers/STM32F1xx_HAL_Driver/Src/stm32f1xx_hal_dma.o
 .debug_frame   0x00000dec      0x14c ./Drivers/STM32F1xx_HAL_Driver/Src/stm32f1xx_hal_gpio.o
 .debug_frame   0x00000f38      0x218 ./Drivers/STM32F1xx_HAL_Driver/Src/stm32f1xx_hal_rcc.o
 .debug_frame   0x00001150      0x824 ./Drivers/STM32F1xx_HAL_Driver/Src/stm32f1xx_hal_spi.o
 .debug_frame   0x00001974     0x11b8 ./Drivers/STM32F1xx_HAL_Driver/Src/stm32f1xx_hal_tim.o
 .debug_frame   0x00002b2c      0x638 ./Drivers/STM32F1xx_HAL_Driver/Src/stm32f1xx_hal_tim_ex.o
 .debug_frame   0x00003164       0x20 C:/ST/STM32CubeIDE_1.18.1/STM32CubeIDE/plugins/com.st.stm32cube.ide.mcu.externaltools.gnu-tools-for-stm32.13.3.rel1.win32_1.0.0.202411081344/tools/bin/../lib/gcc/arm-none-eabi/13.3.1/../../../../arm-none-eabi/lib/thumb/v7-m/nofp\libc_nano.a(libc_a-memset.o)
 .debug_frame   0x00003184       0x2c C:/ST/STM32CubeIDE_1.18.1/STM32CubeIDE/plugins/com.st.stm32cube.ide.mcu.externaltools.gnu-tools-for-stm32.13.3.rel1.win32_1.0.0.202411081344/tools/bin/../lib/gcc/arm-none-eabi/13.3.1/../../../../arm-none-eabi/lib/thumb/v7-m/nofp\libc_nano.a(libc_a-init.o)

.debug_line_str
                0x00000000       0x63
 .debug_line_str
                0x00000000       0x63 ./Core/Startup/startup_stm32f103c8tx.o
