../Core/Src/main.c:48:16:crc_xor	24	static
../Core/Src/main.c:54:10:Get_ADC_Value	32	static
../Core/Src/main.c:71:6:HAL_SPI_TxRxCpltCallback	16	static
../Core/Src/main.c:79:6:HAL_SPI_ErrorCallback	16	static
../Core/Src/main.c:86:5:main	16	static
../Core/Src/main.c:162:6:SystemClock_Config	88	static
../Core/Src/main.c:208:13:MX_ADC1_Init	24	static
../Core/Src/main.c:255:13:MX_SPI1_Init	8	static
../Core/Src/main.c:292:13:MX_USART1_UART_Init	8	static
../Core/Src/main.c:323:13:MX_DMA_Init	16	static
../Core/Src/main.c:344:13:MX_GPIO_Init	32	static
../Core/Src/main.c:388:6:Error_Handler	4	static,ignoring_inline_asm
