../Core/Src/main.c:77:9:Button_PollPressed	16	static
../Core/Src/main.c:185:6:CAN_ERR_HANDLE	16	static
../Core/Src/main.c:213:6:HAL_CAN_RxFifo0MsgPendingCallback	64	static
../Core/Src/main.c:297:6:CAN_SEND	64	static
../Core/Src/main.c:343:6:HAL_CAN_ErrorCallback	64	static
../Core/Src/main.c:376:6:CAN_INIT	48	static
../Core/Src/main.c:414:5:main	24	static
../Core/Src/main.c:539:6:SystemClock_Config	72	static
../Core/Src/main.c:578:13:MX_CAN_Init	8	static
../Core/Src/main.c:615:13:MX_USART1_UART_Init	8	static
../Core/Src/main.c:648:13:MX_GPIO_Init	40	static
../Core/Src/main.c:689:6:Error_Handler	4	static,ignoring_inline_asm
